MPRINT(EM_DIAGRAM):    data _null_;
MPRINT(EM_DIAGRAM):   call symput('NLDATE', strip(put(date(), NLDATE.)));
MPRINT(EM_DIAGRAM):   call symput('NLTIME', strip(put(datetime(), NLTIME.)));
MPRINT(EM_DIAGRAM):   run;
MPRINT(EM_DIAGRAM):   data _null_;
MPRINT(EM_DIAGRAM):   nldate= sasmsg("sashelp.dmine", "log_date_note", 'N', "October 03, 2026" );
MPRINT(EM_DIAGRAM):   nltime= sasmsg("sashelp.dmine", "log_time_note", 'N', "18:01:30" );
MPRINT(EM_DIAGRAM):   put "*------------------------------------------------------------*";
MPRINT(EM_DIAGRAM):   put "* Score Log";
MPRINT(EM_DIAGRAM):   put nldate;
MPRINT(EM_DIAGRAM):   put nltime;
MPRINT(EM_DIAGRAM):   put "*------------------------------------------------------------*";
MPRINT(EM_DIAGRAM):   run;
*------------------------------------------------------------*
* Score Log
Date:                October 03, 2026
Time:                18:01:30
*------------------------------------------------------------*
MPRINT(EM_DIAGRAM):    filename O16ML7MG "C:\Users\student\OneDrive - Bryant University\Documents\GitHub\Projects_in_R\Assignments\Assignment 3\Workspaces\EMWS1\MdlComp\EMSCORE.out" encoding="UTF-8" NOBOM;
MPRINT(EM_DIAGRAM):   proc printto print=O16ML7MG new;
MPRINT(EM_DIAGRAM):   run;
NOTE: View EMWS1.TREE_TRAIN.VIEW used (Total process time):
      real time           0.03 seconds
      cpu time            0.03 seconds
      
NOTE: View EMWS1.TREE_TRAIN.VIEW used (Total process time):
      real time           0.07 seconds
      cpu time            0.07 seconds
      
115195     /* Generate assessment metadata, which will be used to generate assessment data step */
115196     /* code, such as retrieving names of temporary variables and summary variables,      */
115197     /* labels, etc.  It is used in almost all the assessment computations such as lift,  */
115198     /* roc, index, scoreDist and could be thought as a global variable in assessment     */
115199     /* computation.                                                                      */
115200     data work.ASSESS_03_EXWK_assessMeta_8Qqh1V;
MPRINT(EM_DIAGRAM):    data work.ASSESS_03_EXWK_assessMeta_8Qqh1V;
115201     length VARIABLE $32 FORMAT $44 TYPE $32 PARENT $32 LEVEL $32 PROPERTY $32 MEASUREMENT $10 LAST_LEVEL $32 GEN_VAR_IN_TEMP_DATA $32 RESULT_MEAN $32 RESULT_MEAN_LABEL $100 RESULT_MIN $32 RESULT_MIN_LABEL $100 MIN_ADJUSTED $32 RESULT_MAX $32
115201   ! RESULT_MAX_LABEL
115202        $100 MAX_ADJUSTED $32 RESULT_COUNT $32 RESULT_COUNT_LABEL $100 TEMPORARY_VARIABLE $32;
MPRINT(EM_DIAGRAM):   length VARIABLE $32 FORMAT $44 TYPE $32 PARENT $32 LEVEL $32 PROPERTY $32 MEASUREMENT $10 LAST_LEVEL $32 GEN_VAR_IN_TEMP_DATA $32 RESULT_MEAN $32 RESULT_MEAN_LABEL $100 RESULT_MIN $32 RESULT_MIN_LABEL $100 MIN_ADJUSTED $32 RESULT_MAX 
$32 RESULT_MAX_LABEL $100 MAX_ADJUSTED $32 RESULT_COUNT $32 RESULT_COUNT_LABEL $100 TEMPORARY_VARIABLE $32;
115203     VARIABLE = "diagnosis";
MPRINT(EM_DIAGRAM):   VARIABLE = "diagnosis";
115204     PARENT = "";
MPRINT(EM_DIAGRAM):   PARENT = "";
115205     FORMAT = "";
MPRINT(EM_DIAGRAM):   FORMAT = "";
115206     TYPE = "";
MPRINT(EM_DIAGRAM):   TYPE = "";
115207     LEVEL = '';
MPRINT(EM_DIAGRAM):   LEVEL = '';
115208     PROPERTY = "TARGET";
MPRINT(EM_DIAGRAM):   PROPERTY = "TARGET";
115209     MEASUREMENT = "BINARY";
MPRINT(EM_DIAGRAM):   MEASUREMENT = "BINARY";
115210     LAST_LEVEL = '';
MPRINT(EM_DIAGRAM):   LAST_LEVEL = '';
115211     GEN_VAR_IN_TEMP_DATA = "diagnosis";
MPRINT(EM_DIAGRAM):   GEN_VAR_IN_TEMP_DATA = "diagnosis";
115212     RESULT_MEAN = "";
MPRINT(EM_DIAGRAM):   RESULT_MEAN = "";
115213     RESULT_MEAN_LABEL = "";
MPRINT(EM_DIAGRAM):   RESULT_MEAN_LABEL = "";
115214     RESULT_MIN = "";
MPRINT(EM_DIAGRAM):   RESULT_MIN = "";
115215     RESULT_MIN_LABEL = "";
MPRINT(EM_DIAGRAM):   RESULT_MIN_LABEL = "";
115216     MIN_ADJUSTED = "";
MPRINT(EM_DIAGRAM):   MIN_ADJUSTED = "";
115217     RESULT_MAX = "";
MPRINT(EM_DIAGRAM):   RESULT_MAX = "";
115218     RESULT_MAX_LABEL = "";
MPRINT(EM_DIAGRAM):   RESULT_MAX_LABEL = "";
115219     MAX_ADJUSTED = "";
MPRINT(EM_DIAGRAM):   MAX_ADJUSTED = "";
115220     RESULT_COUNT = "";
MPRINT(EM_DIAGRAM):   RESULT_COUNT = "";
115221     RESULT_COUNT_LABEL = "";
MPRINT(EM_DIAGRAM):   RESULT_COUNT_LABEL = "";
115222     TEMPORARY_VARIABLE = "diagnosis_gUCNL2Xxs8ePtoM";
MPRINT(EM_DIAGRAM):   TEMPORARY_VARIABLE = "diagnosis_gUCNL2Xxs8ePtoM";
115223     output;
MPRINT(EM_DIAGRAM):   output;
115224     VARIABLE = "F_diagnosis_M";
MPRINT(EM_DIAGRAM):   VARIABLE = "F_diagnosis_M";
115225     FORMAT = "";
MPRINT(EM_DIAGRAM):   FORMAT = "";
115226     TYPE = "";
MPRINT(EM_DIAGRAM):   TYPE = "";
115227     PARENT = "F_diagnosis";
MPRINT(EM_DIAGRAM):   PARENT = "F_diagnosis";
115228     LEVEL = "M";
MPRINT(EM_DIAGRAM):   LEVEL = "M";
115229     PROPERTY = "TARGET_LEVEL";
MPRINT(EM_DIAGRAM):   PROPERTY = "TARGET_LEVEL";
115230     MEASUREMENT = "INTERVAL";
MPRINT(EM_DIAGRAM):   MEASUREMENT = "INTERVAL";
115231     LAST_LEVEL = "B";
MPRINT(EM_DIAGRAM):   LAST_LEVEL = "B";
115232     GEN_VAR_IN_TEMP_DATA = "F_diagnosis_M_EdhvvoOhhj3dWs8";
MPRINT(EM_DIAGRAM):   GEN_VAR_IN_TEMP_DATA = "F_diagnosis_M_EdhvvoOhhj3dWs8";
115233     RESULT_MEAN = "F_diagnosi_mean_h87MSuHm7rzY9rr";
MPRINT(EM_DIAGRAM):   RESULT_MEAN = "F_diagnosi_mean_h87MSuHm7rzY9rr";
115234     /* adjust for tied cases */
115235     RESULT_MEAN_LABEL = "";
MPRINT(EM_DIAGRAM):   RESULT_MEAN_LABEL = "";
115236     RESULT_MIN = "";
MPRINT(EM_DIAGRAM):   RESULT_MIN = "";
115237     RESULT_MIN_LABEL = "";
MPRINT(EM_DIAGRAM):   RESULT_MIN_LABEL = "";
115238     RESULT_MAX = "";
MPRINT(EM_DIAGRAM):   RESULT_MAX = "";
115239     RESULT_MAX_LABEL = "";
MPRINT(EM_DIAGRAM):   RESULT_MAX_LABEL = "";
115240     RESULT_COUNT = "NumberOfEvents";
MPRINT(EM_DIAGRAM):   RESULT_COUNT = "NumberOfEvents";
115241     RESULT_COUNT_LABEL = "%sysfunc(sasmsg(sashelp.dmine, assmt_NumEvent_vlabel, NOQUOTE))";
MPRINT(EM_DIAGRAM):   RESULT_COUNT_LABEL = "Number of Events";
115242     TEMPORARY_VARIABLE = "F_diagnosis_M_ISrMW0U3Ym2MDVD";
MPRINT(EM_DIAGRAM):   TEMPORARY_VARIABLE = "F_diagnosis_M_ISrMW0U3Ym2MDVD";
115243     output;
MPRINT(EM_DIAGRAM):   output;
115244     VARIABLE = "F_diagnosis_B";
MPRINT(EM_DIAGRAM):   VARIABLE = "F_diagnosis_B";
115245     FORMAT = "";
MPRINT(EM_DIAGRAM):   FORMAT = "";
115246     TYPE = "";
MPRINT(EM_DIAGRAM):   TYPE = "";
115247     PARENT = "F_diagnosis";
MPRINT(EM_DIAGRAM):   PARENT = "F_diagnosis";
115248     LEVEL = "B";
MPRINT(EM_DIAGRAM):   LEVEL = "B";
115249     PROPERTY = "TARGET_LEVEL";
MPRINT(EM_DIAGRAM):   PROPERTY = "TARGET_LEVEL";
115250     MEASUREMENT = "INTERVAL";
MPRINT(EM_DIAGRAM):   MEASUREMENT = "INTERVAL";
115251     LAST_LEVEL = "B";
MPRINT(EM_DIAGRAM):   LAST_LEVEL = "B";
115252     GEN_VAR_IN_TEMP_DATA = "F_diagnosis_B_qs2At_XeJIgF3MT";
MPRINT(EM_DIAGRAM):   GEN_VAR_IN_TEMP_DATA = "F_diagnosis_B_qs2At_XeJIgF3MT";
115253     RESULT_MEAN = "F_diagnosi_mean_hi994tK_Qs3hLVh";
MPRINT(EM_DIAGRAM):   RESULT_MEAN = "F_diagnosi_mean_hi994tK_Qs3hLVh";
115254     /* adjust for tied cases */
115255     RESULT_MEAN_LABEL = "";
MPRINT(EM_DIAGRAM):   RESULT_MEAN_LABEL = "";
115256     RESULT_MIN = "";
MPRINT(EM_DIAGRAM):   RESULT_MIN = "";
115257     RESULT_MIN_LABEL = "";
MPRINT(EM_DIAGRAM):   RESULT_MIN_LABEL = "";
115258     RESULT_MAX = "";
MPRINT(EM_DIAGRAM):   RESULT_MAX = "";
115259     RESULT_MAX_LABEL = "";
MPRINT(EM_DIAGRAM):   RESULT_MAX_LABEL = "";
115260     RESULT_COUNT = "NumberOfEvents";
MPRINT(EM_DIAGRAM):   RESULT_COUNT = "NumberOfEvents";
115261     RESULT_COUNT_LABEL = "%sysfunc(sasmsg(sashelp.dmine, assmt_NumEvent_vlabel, NOQUOTE))";
MPRINT(EM_DIAGRAM):   RESULT_COUNT_LABEL = "Number of Events";
115262     TEMPORARY_VARIABLE = "F_diagnosis_B_mqR57CXC0USAtcb";
MPRINT(EM_DIAGRAM):   TEMPORARY_VARIABLE = "F_diagnosis_B_mqR57CXC0USAtcb";
115263     output;
MPRINT(EM_DIAGRAM):   output;
115264     VARIABLE = "P_diagnosisM";
MPRINT(EM_DIAGRAM):   VARIABLE = "P_diagnosisM";
115265     FORMAT = "";
MPRINT(EM_DIAGRAM):   FORMAT = "";
115266     TYPE = "";
MPRINT(EM_DIAGRAM):   TYPE = "";
115267     PARENT = "";
MPRINT(EM_DIAGRAM):   PARENT = "";
115268     LEVEL = "M";
MPRINT(EM_DIAGRAM):   LEVEL = "M";
115269     PROPERTY = "POSTERIOR_LEVEL";
MPRINT(EM_DIAGRAM):   PROPERTY = "POSTERIOR_LEVEL";
115270     MEASUREMENT = "INTERVAL";
MPRINT(EM_DIAGRAM):   MEASUREMENT = "INTERVAL";
115271     LAST_LEVEL = "";
MPRINT(EM_DIAGRAM):   LAST_LEVEL = "";
115272     GEN_VAR_IN_TEMP_DATA = "P_diagnosisM";
MPRINT(EM_DIAGRAM):   GEN_VAR_IN_TEMP_DATA = "P_diagnosisM";
115273     RESULT_MEAN = "_meanP_";
MPRINT(EM_DIAGRAM):   RESULT_MEAN = "_meanP_";
115274     RESULT_MEAN_LABEL = "%sysfunc(sasmsg(sashelp.dmine, assmt_probMean_vlabel, NOQUOTE))";
MPRINT(EM_DIAGRAM):   RESULT_MEAN_LABEL = "Mean Posterior Probability";
115275     RESULT_MIN = "_minP_";
MPRINT(EM_DIAGRAM):   RESULT_MIN = "_minP_";
115276     RESULT_MIN_LABEL = "%sysfunc(sasmsg(sashelp.dmine, assmt_probMin_vlabel, NOQUOTE))";
MPRINT(EM_DIAGRAM):   RESULT_MIN_LABEL = "Min Posterior Probability";
115277     MIN_ADJUSTED = "P_diagno_minAdjusted_1_YIJ5NEA";
MPRINT(EM_DIAGRAM):   MIN_ADJUSTED = "P_diagno_minAdjusted_1_YIJ5NEA";
115278     RESULT_MAX = "_maxP_";
MPRINT(EM_DIAGRAM):   RESULT_MAX = "_maxP_";
115279     RESULT_MAX_LABEL = "%sysfunc(sasmsg(sashelp.dmine, assmt_probMax_vlabel, NOQUOTE))";
MPRINT(EM_DIAGRAM):   RESULT_MAX_LABEL = "Max Posterior Probability";
115280     MAX_ADJUSTED = "P_diagno_maxAdjusted_P_iIVMMAf";
MPRINT(EM_DIAGRAM):   MAX_ADJUSTED = "P_diagno_maxAdjusted_P_iIVMMAf";
115281     RESULT_COUNT = "";
MPRINT(EM_DIAGRAM):   RESULT_COUNT = "";
115282     RESULT_COUNT_LABEL = "";
MPRINT(EM_DIAGRAM):   RESULT_COUNT_LABEL = "";
115283     TEMPORARY_VARIABLE = "P_diagnosisM_hj2t60Z_Hi1adgx";
MPRINT(EM_DIAGRAM):   TEMPORARY_VARIABLE = "P_diagnosisM_hj2t60Z_Hi1adgx";
115284     output;
MPRINT(EM_DIAGRAM):   output;
115285     VARIABLE = "P_diagnosisB";
MPRINT(EM_DIAGRAM):   VARIABLE = "P_diagnosisB";
115286     FORMAT = "";
MPRINT(EM_DIAGRAM):   FORMAT = "";
115287     TYPE = "";
MPRINT(EM_DIAGRAM):   TYPE = "";
115288     PARENT = "";
MPRINT(EM_DIAGRAM):   PARENT = "";
115289     LEVEL = "B";
MPRINT(EM_DIAGRAM):   LEVEL = "B";
115290     PROPERTY = "POSTERIOR_LEVEL";
MPRINT(EM_DIAGRAM):   PROPERTY = "POSTERIOR_LEVEL";
115291     MEASUREMENT = "INTERVAL";
MPRINT(EM_DIAGRAM):   MEASUREMENT = "INTERVAL";
115292     LAST_LEVEL = "";
MPRINT(EM_DIAGRAM):   LAST_LEVEL = "";
115293     GEN_VAR_IN_TEMP_DATA = "P_diagnosisB";
MPRINT(EM_DIAGRAM):   GEN_VAR_IN_TEMP_DATA = "P_diagnosisB";
115294     RESULT_MEAN = "_meanP_";
MPRINT(EM_DIAGRAM):   RESULT_MEAN = "_meanP_";
115295     RESULT_MEAN_LABEL = "%sysfunc(sasmsg(sashelp.dmine, assmt_probMean_vlabel, NOQUOTE))";
MPRINT(EM_DIAGRAM):   RESULT_MEAN_LABEL = "Mean Posterior Probability";
115296     RESULT_MIN = "_minP_";
MPRINT(EM_DIAGRAM):   RESULT_MIN = "_minP_";
115297     RESULT_MIN_LABEL = "%sysfunc(sasmsg(sashelp.dmine, assmt_probMin_vlabel, NOQUOTE))";
MPRINT(EM_DIAGRAM):   RESULT_MIN_LABEL = "Min Posterior Probability";
115298     MIN_ADJUSTED = "P_diagno_minAdjusted_nXRjlgehN";
MPRINT(EM_DIAGRAM):   MIN_ADJUSTED = "P_diagno_minAdjusted_nXRjlgehN";
115299     RESULT_MAX = "_maxP_";
MPRINT(EM_DIAGRAM):   RESULT_MAX = "_maxP_";
115300     RESULT_MAX_LABEL = "%sysfunc(sasmsg(sashelp.dmine, assmt_probMax_vlabel, NOQUOTE))";
MPRINT(EM_DIAGRAM):   RESULT_MAX_LABEL = "Max Posterior Probability";
115301     MAX_ADJUSTED = "P_diagno_maxAdjusted_hJMxemOSm";
MPRINT(EM_DIAGRAM):   MAX_ADJUSTED = "P_diagno_maxAdjusted_hJMxemOSm";
115302     RESULT_COUNT = "";
MPRINT(EM_DIAGRAM):   RESULT_COUNT = "";
115303     RESULT_COUNT_LABEL = "";
MPRINT(EM_DIAGRAM):   RESULT_COUNT_LABEL = "";
115304     TEMPORARY_VARIABLE = "P_diagnosisB_5bygKqZrq1RC_7e";
MPRINT(EM_DIAGRAM):   TEMPORARY_VARIABLE = "P_diagnosisB_5bygKqZrq1RC_7e";
115305     output;
MPRINT(EM_DIAGRAM):   output;
115306     run;
MPRINT(EM_DIAGRAM):   run;

NOTE: The data set WORK.ASSESS_03_EXWK_ASSESSMETA_8QQH1V has 5 observations and 20 variables.
NOTE: DATA statement used (Total process time):
      real time           0.01 seconds
      cpu time            0.01 seconds
      

115307     /* Generate temporary dataset and obtain summary statistics such as total number of   */
115308     /* obserations, frequency of target.  However, summary statistics for class reporting */
115309     /* variabels are not computed here since if there exist class reporting variables,    */
115310     /* then PROC DMDB will be called. And there is no need to compute interval reporting  */
115311     /* summary statisitcs, if any.                                                        */
115312     data work.ASSESS_03_EXWK_normSD_ESzTgY(drop=
115313     _numberOfObservation_
115314     _levelFrequency_1
115315     _levelFrequency_2
115316     )
115317     work.ASSESS_03_EXWK_meansAndTi_HdtAUX (keep=
115318     _numberOfObservation_
115319     _levelFrequency_1
115320     _levelFrequency_2
115321     );
MPRINT(EM_DIAGRAM):    data work.ASSESS_03_EXWK_normSD_ESzTgY(drop= _numberOfObservation_ _levelFrequency_1 _levelFrequency_2 ) work.ASSESS_03_EXWK_meansAndTi_HdtAUX (keep= _numberOfObservation_ _levelFrequency_1 _levelFrequency_2 );
115322     set EMWS1.Tree_TRAIN(
115323     where=(
115324     (diagnosis ^= ' ')
115325     )
115326     ) end=_lastObservation_;
MPRINT(EM_DIAGRAM):   set EMWS1.Tree_TRAIN( where=( (diagnosis ^= ' ') ) ) end=_lastObservation_;
115327     keep frequency_7OL72w;
MPRINT(EM_DIAGRAM):   keep frequency_7OL72w;
115328     frequency_7OL72w = 1;
MPRINT(EM_DIAGRAM):   frequency_7OL72w = 1;
115329     keep I_diagnosis F_diagnosis;
MPRINT(EM_DIAGRAM):   keep I_diagnosis F_diagnosis;
115330     keep F_diagnosis_M_EdhvvoOhhj3dWs8;
MPRINT(EM_DIAGRAM):   keep F_diagnosis_M_EdhvvoOhhj3dWs8;
115331     if (F_diagnosis = 'M') then do;
MPRINT(EM_DIAGRAM):   if (F_diagnosis = 'M') then do;
115332     F_diagnosis_M_EdhvvoOhhj3dWs8 = 1;
MPRINT(EM_DIAGRAM):   F_diagnosis_M_EdhvvoOhhj3dWs8 = 1;
115333     end;
MPRINT(EM_DIAGRAM):   end;
115334     else do;
MPRINT(EM_DIAGRAM):   else do;
115335     F_diagnosis_M_EdhvvoOhhj3dWs8 = 0;
MPRINT(EM_DIAGRAM):   F_diagnosis_M_EdhvvoOhhj3dWs8 = 0;
115336     end;
MPRINT(EM_DIAGRAM):   end;
115337     keep F_diagnosis_B_qs2At_XeJIgF3MT;
MPRINT(EM_DIAGRAM):   keep F_diagnosis_B_qs2At_XeJIgF3MT;
115338     if (F_diagnosis = 'B') then do;
MPRINT(EM_DIAGRAM):   if (F_diagnosis = 'B') then do;
115339     F_diagnosis_B_qs2At_XeJIgF3MT = 1;
MPRINT(EM_DIAGRAM):   F_diagnosis_B_qs2At_XeJIgF3MT = 1;
115340     end;
MPRINT(EM_DIAGRAM):   end;
115341     else do;
MPRINT(EM_DIAGRAM):   else do;
115342     F_diagnosis_B_qs2At_XeJIgF3MT = 0;
MPRINT(EM_DIAGRAM):   F_diagnosis_B_qs2At_XeJIgF3MT = 0;
115343     end;
MPRINT(EM_DIAGRAM):   end;
115344     keep P_diagnosisM;
MPRINT(EM_DIAGRAM):   keep P_diagnosisM;
115345     keep P_diagnosisB;
MPRINT(EM_DIAGRAM):   keep P_diagnosisB;
115346     output work.ASSESS_03_EXWK_normSD_ESzTgY;
MPRINT(EM_DIAGRAM):   output work.ASSESS_03_EXWK_normSD_ESzTgY;
115347     keep _numberOfObservation_;
MPRINT(EM_DIAGRAM):   keep _numberOfObservation_;
115348     retain _numberOfObservation_ 0;
MPRINT(EM_DIAGRAM):   retain _numberOfObservation_ 0;
115349     _numberOfObservation_ + frequency_7OL72w;
MPRINT(EM_DIAGRAM):   _numberOfObservation_ + frequency_7OL72w;
115350     keep _levelFrequency_1;
MPRINT(EM_DIAGRAM):   keep _levelFrequency_1;
115351     retain _levelFrequency_1 0;
MPRINT(EM_DIAGRAM):   retain _levelFrequency_1 0;
115352     if (F_diagnosis = 'M') then do;
MPRINT(EM_DIAGRAM):   if (F_diagnosis = 'M') then do;
115353     _levelFrequency_1 + frequency_7OL72w;
MPRINT(EM_DIAGRAM):   _levelFrequency_1 + frequency_7OL72w;
115354     end;
MPRINT(EM_DIAGRAM):   end;
115355     keep _levelFrequency_2;
MPRINT(EM_DIAGRAM):   keep _levelFrequency_2;
115356     retain _levelFrequency_2 0;
MPRINT(EM_DIAGRAM):   retain _levelFrequency_2 0;
115357     if (F_diagnosis = 'B') then do;
MPRINT(EM_DIAGRAM):   if (F_diagnosis = 'B') then do;
115358     _levelFrequency_2 + frequency_7OL72w;
MPRINT(EM_DIAGRAM):   _levelFrequency_2 + frequency_7OL72w;
115359     end;
MPRINT(EM_DIAGRAM):   end;
115360     if _lastObservation_ then do;
MPRINT(EM_DIAGRAM):   if _lastObservation_ then do;
115361     output work.ASSESS_03_EXWK_meansAndTi_HdtAUX;
MPRINT(EM_DIAGRAM):   output work.ASSESS_03_EXWK_meansAndTi_HdtAUX;
115362     end;
MPRINT(EM_DIAGRAM):   end;
115363     run;
MPRINT(EM_DIAGRAM):   run;

NOTE: Variable _WARN_ is uninitialized.
NOTE: View EMWS1.TREE_TRAIN.VIEW used (Total process time):
      real time           0.03 seconds
      cpu time            0.03 seconds
      
NOTE: There were 396 observations read from the data set EMWS1.PART_TRAIN.
NOTE: There were 396 observations read from the data set EMWS1.TREE_TRAIN.
      WHERE diagnosis not = ' ';
NOTE: The data set WORK.ASSESS_03_EXWK_NORMSD_ESZTGY has 396 observations and 7 variables.
NOTE: The data set WORK.ASSESS_03_EXWK_MEANSANDTI_HDTAUX has 1 observations and 3 variables.
NOTE: DATA statement used (Total process time):
      real time           0.04 seconds
      cpu time            0.04 seconds
      

115364     data WORK._EMRANK;
MPRINT(EM_DIAGRAM):    data WORK._EMRANK;
115365     set EMWS1.MdlComp_EMRANK;
MPRINT(EM_DIAGRAM):   set EMWS1.MdlComp_EMRANK;
115366     where MODEL = "Tree" and TARGET = "diagnosis" and dataRole="TRAIN";
MPRINT(EM_DIAGRAM):   where MODEL = "Tree" and TARGET = "diagnosis" and dataRole="TRAIN";
115367     run;
MPRINT(EM_DIAGRAM):   run;

NOTE: There were 20 observations read from the data set EMWS1.MDLCOMP_EMRANK.
      WHERE (MODEL='Tree') and (TARGET='diagnosis') and (dataRole='TRAIN');
NOTE: The data set WORK._EMRANK has 20 observations and 38 variables.
NOTE: DATA statement used (Total process time):
      real time           0.00 seconds
      cpu time            0.01 seconds
      

115368     data work._augment;
MPRINT(EM_DIAGRAM):    data work._augment;
115369     do BIN= 1 to 20;
MPRINT(EM_DIAGRAM):   do BIN= 1 to 20;
115370     DECILE = BIN*5;
MPRINT(EM_DIAGRAM):   DECILE = BIN*5;
115371     output;
MPRINT(EM_DIAGRAM):   output;
115372     end;
MPRINT(EM_DIAGRAM):   end;
115373     run;
MPRINT(EM_DIAGRAM):   run;

NOTE: The data set WORK._AUGMENT has 20 observations and 2 variables.
NOTE: DATA statement used (Total process time):
      real time           0.01 seconds
      cpu time            0.01 seconds
      

115374     data WORK._EMRANK;
MPRINT(EM_DIAGRAM):   data WORK._EMRANK;
115375     merge WORK._AUGMENT WORK._EMRANK;
MPRINT(EM_DIAGRAM):   merge WORK._AUGMENT WORK._EMRANK;
115376     by BIN;
MPRINT(EM_DIAGRAM):   by BIN;
115377     run;
MPRINT(EM_DIAGRAM):   run;

NOTE: There were 20 observations read from the data set WORK._AUGMENT.
NOTE: There were 20 observations read from the data set WORK._EMRANK.
NOTE: The data set WORK._EMRANK has 20 observations and 38 variables.
NOTE: DATA statement used (Total process time):
      real time           0.04 seconds
      cpu time            0.00 seconds
      

115378     data WORK._EMRANK;
MPRINT(EM_DIAGRAM):    data WORK._EMRANK;
115379     set WORK._EMRANK end=_lastObservation_;
MPRINT(EM_DIAGRAM):   set WORK._EMRANK end=_lastObservation_;
115380     retain _previousMinP_ _previousMaxP_;
MPRINT(EM_DIAGRAM):   retain _previousMinP_ _previousMaxP_;
115381     retain _group_ 1;
MPRINT(EM_DIAGRAM):   retain _group_ 1;
115382     keep event;
MPRINT(EM_DIAGRAM):   keep event;
115383     keep bin _cutoff_ _group_;
MPRINT(EM_DIAGRAM):   keep bin _cutoff_ _group_;
115384     if (bin > 1) then do;
MPRINT(EM_DIAGRAM):   if (bin > 1) then do;
115385     bin = bin - 1;
MPRINT(EM_DIAGRAM):   bin = bin - 1;
115386     _cutoff_ = (_maxP_ + _previousMinP_) / 2;
MPRINT(EM_DIAGRAM):   _cutoff_ = (_maxP_ + _previousMinP_) / 2;
115387     if (abs(_previousMaxP_ - _previousMinP_) < 1E-6) then do;
MPRINT(EM_DIAGRAM):   if (abs(_previousMaxP_ - _previousMinP_) < 1E-6) then do;
115388     /* tied */
115389     _cutoff_ = max((_minP_ + _maxP_)/2, min(_cutoff_, _previousMinP_/*-1E-6*/
115390     ));
MPRINT(EM_DIAGRAM):   _cutoff_ = max((_minP_ + _maxP_)/2, min(_cutoff_, _previousMinP_ ));
115391     end;
MPRINT(EM_DIAGRAM):   end;
115392     else if (abs(_maxP_ - _minP_) < 1E-6) then do;
MPRINT(EM_DIAGRAM):   else if (abs(_maxP_ - _minP_) < 1E-6) then do;
115393     /* next tied */
115394     _cutoff_ = min((_previousMinP_ + _previousMaxP_)/2, max(_cutoff_, _maxP_/*+ 1E-6*/
115395     ));
MPRINT(EM_DIAGRAM):   _cutoff_ = min((_previousMinP_ + _previousMaxP_)/2, max(_cutoff_, _maxP_ ));
115396     end;
MPRINT(EM_DIAGRAM):   end;
115397     output;
MPRINT(EM_DIAGRAM):   output;
115398     *if ( abs((_maxP_ +_minP_)/2 - (_previousMaxP_ + _previousMinP_)/2) > 1E-6) then do;
MPRINT(EM_DIAGRAM):   *if ( abs((_maxP_ +_minP_)/2 - (_previousMaxP_ + _previousMinP_)/2) > 1E-6) then do;
115399     * _group_ + 1;
MPRINT(EM_DIAGRAM):   * _group_ + 1;
115400     *end;
MPRINT(EM_DIAGRAM):   *end;
115401     if (_maxP_ le _previousMinP_ - 1E-6) then do;
MPRINT(EM_DIAGRAM):   if (_maxP_ le _previousMinP_ - 1E-6) then do;
115402     _group_ + 1;
MPRINT(EM_DIAGRAM):   _group_ + 1;
115403     end;
MPRINT(EM_DIAGRAM):   end;
115404     else if (abs(_maxP_ - _previousMinP_) < 1E-6) then do;
MPRINT(EM_DIAGRAM):   else if (abs(_maxP_ - _previousMinP_) < 1E-6) then do;
115405     if (abs(_maxP_ - _minP_) > 1E-6) then do;
MPRINT(EM_DIAGRAM):   if (abs(_maxP_ - _minP_) > 1E-6) then do;
115406     _group_ + 1;
MPRINT(EM_DIAGRAM):   _group_ + 1;
115407     end;
MPRINT(EM_DIAGRAM):   end;
115408     end;
MPRINT(EM_DIAGRAM):   end;
115409     bin + 1;
MPRINT(EM_DIAGRAM):   bin + 1;
115410     /* correct the previous change */
115411     end;
MPRINT(EM_DIAGRAM):   end;
115412     if (_lastObservation_) then do;
MPRINT(EM_DIAGRAM):   if (_lastObservation_) then do;
115413     _cutoff_ = .;
MPRINT(EM_DIAGRAM):   _cutoff_ = .;
115414     output;
MPRINT(EM_DIAGRAM):   output;
115415     end;
MPRINT(EM_DIAGRAM):   end;
115416     _previousMinP_ = _minP_;
MPRINT(EM_DIAGRAM):   _previousMinP_ = _minP_;
115417     _previousMaxP_ = _maxP_;
MPRINT(EM_DIAGRAM):   _previousMaxP_ = _maxP_;
115418     run;
MPRINT(EM_DIAGRAM):   run;

NOTE: There were 20 observations read from the data set WORK._EMRANK.
NOTE: The data set WORK._EMRANK has 20 observations and 4 variables.
NOTE: DATA statement used (Total process time):
      real time           0.02 seconds
      cpu time            0.03 seconds
      

115419     data WORK._EMRANK;
MPRINT(EM_DIAGRAM):    data WORK._EMRANK;
115420     set WORK._EMRANK;
MPRINT(EM_DIAGRAM):   set WORK._EMRANK;
115421     by _group_;
MPRINT(EM_DIAGRAM):   by _group_;
115422     retain _start_;
MPRINT(EM_DIAGRAM):   retain _start_;
115423     if (first._group_) then do;
MPRINT(EM_DIAGRAM):   if (first._group_) then do;
115424     _start_ = _n_;
MPRINT(EM_DIAGRAM):   _start_ = _n_;
115425     end;
MPRINT(EM_DIAGRAM):   end;
115426     if (last._group_) then do;
MPRINT(EM_DIAGRAM):   if (last._group_) then do;
115427     _end_ = _n_;
MPRINT(EM_DIAGRAM):   _end_ = _n_;
115428     output;
MPRINT(EM_DIAGRAM):   output;
115429     end;
MPRINT(EM_DIAGRAM):   end;
115430     run;
MPRINT(EM_DIAGRAM):   run;

NOTE: There were 20 observations read from the data set WORK._EMRANK.
NOTE: The data set WORK._EMRANK has 4 observations and 6 variables.
NOTE: DATA statement used (Total process time):
      real time           0.03 seconds
      cpu time            0.01 seconds
      

115431     filename emflow "C:\Users\student\OneDrive - Bryant University\Documents\GitHub\Projects_in_R\Assignments\Assignment 3\Workspaces\EMWS1\MdlComp\EMFLOWSCORE.sas";
MPRINT(EM_DIAGRAM):    filename emflow "C:\Users\student\OneDrive - Bryant University\Documents\GitHub\Projects_in_R\Assignments\Assignment 3\Workspaces\EMWS1\MdlComp\EMFLOWSCORE.sas";
MPRINT(EM_DIAGRAM):   *------------------------------------------------------------*;
MPRINT(EM_DIAGRAM):   * MdlComp: Scoring TREE_TRAIN data;
MPRINT(EM_DIAGRAM):   *------------------------------------------------------------*;
115432     *------------------------------------------------------------*;
115433     * MdlComp: Scoring TREE_TRAIN data;
115434     *------------------------------------------------------------*;
115435     data EMWS1.MdlComp_TRAIN
115436     / view=EMWS1.MdlComp_TRAIN
115437     ;
MPRINT(EM_DIAGRAM):   data EMWS1.MdlComp_TRAIN / view=EMWS1.MdlComp_TRAIN ;
115438     set EMWS1.Tree_TRAIN
115439     ;
MPRINT(EM_DIAGRAM):   set EMWS1.Tree_TRAIN ;
115440     %inc emflow;
NOTE: %INCLUDE (level 1) file EMFLOW is file C:\Users\student\OneDrive - Bryant University\Documents\GitHub\Projects_in_R\Assignments\Assignment 3\Workspaces\EMWS1\MdlComp\EMFLOWSCORE.sas.
115441    +drop _temp_;
MPRINT(EM_DIAGRAM):   drop _temp_;
115442    +if (P_diagnosisM ge 1) then do;
MPRINT(EM_DIAGRAM):   if (P_diagnosisM ge 1) then do;
115443    +_temp_ = dmran(1234);
MPRINT(EM_DIAGRAM):   _temp_ = dmran(1234);
115444    +b_diagnosis = floor(1 + 6*_temp_);
MPRINT(EM_DIAGRAM):   b_diagnosis = floor(1 + 6*_temp_);
115445    +end;
MPRINT(EM_DIAGRAM):   end;
115446    +else
115447    +if (P_diagnosisM ge 0.5875) then do;
MPRINT(EM_DIAGRAM):   else if (P_diagnosisM ge 0.5875) then do;
115448    +b_diagnosis = 7;
MPRINT(EM_DIAGRAM):   b_diagnosis = 7;
115449    +end;
MPRINT(EM_DIAGRAM):   end;
115450    +else
115451    +if (P_diagnosisM ge 0.15632911392405) then do;
MPRINT(EM_DIAGRAM):   else if (P_diagnosisM ge 0.15632911392405) then do;
115452    +b_diagnosis = 8;
MPRINT(EM_DIAGRAM):   b_diagnosis = 8;
115453    +end;
MPRINT(EM_DIAGRAM):   end;
115454    +else
115455    +do;
MPRINT(EM_DIAGRAM):   else do;
115456    +_temp_ = dmran(1234);
MPRINT(EM_DIAGRAM):   _temp_ = dmran(1234);
115457    +b_diagnosis = floor(9 + 12*_temp_);
MPRINT(EM_DIAGRAM):   b_diagnosis = floor(9 + 12*_temp_);
115458    +end;
MPRINT(EM_DIAGRAM):   end;
NOTE: %INCLUDE (level 1) ending.
MPRINT(EM_DIAGRAM):   run;
115459     run;

NOTE: DATA STEP view saved on file EMWS1.MDLCOMP_TRAIN.
NOTE: A stored DATA STEP view cannot run under a different operating system.
NOTE: View EMWS1.TREE_TRAIN.VIEW used (Total process time):
      real time           0.06 seconds
      cpu time            0.04 seconds
      
NOTE: DATA statement used (Total process time):
      real time           0.07 seconds
      cpu time            0.06 seconds
      

MPRINT(EM_DIAGRAM):   quit;
115460     quit;
115461     filename emflow;
MPRINT(EM_DIAGRAM):   filename emflow;
NOTE: Fileref EMFLOW has been deassigned.
115462     filename emflow "C:\Users\student\OneDrive - Bryant University\Documents\GitHub\Projects_in_R\Assignments\Assignment 3\Workspaces\EMWS1\MdlComp\EMFLOWSCORE.sas";
MPRINT(EM_DIAGRAM):    filename emflow "C:\Users\student\OneDrive - Bryant University\Documents\GitHub\Projects_in_R\Assignments\Assignment 3\Workspaces\EMWS1\MdlComp\EMFLOWSCORE.sas";
MPRINT(EM_DIAGRAM):   *------------------------------------------------------------*;
MPRINT(EM_DIAGRAM):   * MdlComp: Scoring TREE_VALIDATE data;
MPRINT(EM_DIAGRAM):   *------------------------------------------------------------*;
115463     *------------------------------------------------------------*;
115464     * MdlComp: Scoring TREE_VALIDATE data;
115465     *------------------------------------------------------------*;
115466     data EMWS1.MdlComp_VALIDATE
115467     / view=EMWS1.MdlComp_VALIDATE
115468     ;
MPRINT(EM_DIAGRAM):   data EMWS1.MdlComp_VALIDATE / view=EMWS1.MdlComp_VALIDATE ;
115469     set EMWS1.Tree_VALIDATE
115470     ;
MPRINT(EM_DIAGRAM):   set EMWS1.Tree_VALIDATE ;
115471     %inc emflow;
NOTE: %INCLUDE (level 1) file EMFLOW is file C:\Users\student\OneDrive - Bryant University\Documents\GitHub\Projects_in_R\Assignments\Assignment 3\Workspaces\EMWS1\MdlComp\EMFLOWSCORE.sas.
115472    +drop _temp_;
MPRINT(EM_DIAGRAM):   drop _temp_;
115473    +if (P_diagnosisM ge 1) then do;
MPRINT(EM_DIAGRAM):   if (P_diagnosisM ge 1) then do;
115474    +_temp_ = dmran(1234);
MPRINT(EM_DIAGRAM):   _temp_ = dmran(1234);
115475    +b_diagnosis = floor(1 + 6*_temp_);
MPRINT(EM_DIAGRAM):   b_diagnosis = floor(1 + 6*_temp_);
115476    +end;
MPRINT(EM_DIAGRAM):   end;
115477    +else
115478    +if (P_diagnosisM ge 0.5875) then do;
MPRINT(EM_DIAGRAM):   else if (P_diagnosisM ge 0.5875) then do;
115479    +b_diagnosis = 7;
MPRINT(EM_DIAGRAM):   b_diagnosis = 7;
115480    +end;
MPRINT(EM_DIAGRAM):   end;
115481    +else
115482    +if (P_diagnosisM ge 0.15632911392405) then do;
MPRINT(EM_DIAGRAM):   else if (P_diagnosisM ge 0.15632911392405) then do;
115483    +b_diagnosis = 8;
MPRINT(EM_DIAGRAM):   b_diagnosis = 8;
115484    +end;
MPRINT(EM_DIAGRAM):   end;
115485    +else
115486    +do;
MPRINT(EM_DIAGRAM):   else do;
115487    +_temp_ = dmran(1234);
MPRINT(EM_DIAGRAM):   _temp_ = dmran(1234);
115488    +b_diagnosis = floor(9 + 12*_temp_);
MPRINT(EM_DIAGRAM):   b_diagnosis = floor(9 + 12*_temp_);
115489    +end;
MPRINT(EM_DIAGRAM):   end;
NOTE: %INCLUDE (level 1) ending.
MPRINT(EM_DIAGRAM):   run;
115490     run;

NOTE: DATA STEP view saved on file EMWS1.MDLCOMP_VALIDATE.
NOTE: A stored DATA STEP view cannot run under a different operating system.
NOTE: View EMWS1.TREE_VALIDATE.VIEW used (Total process time):
      real time           0.04 seconds
      cpu time            0.04 seconds
      
NOTE: DATA statement used (Total process time):
      real time           0.04 seconds
      cpu time            0.04 seconds
      

MPRINT(EM_DIAGRAM):   quit;
115491     quit;
115492     filename emflow;
MPRINT(EM_DIAGRAM):   filename emflow;
NOTE: Fileref EMFLOW has been deassigned.
115493     *------------------------------------------------------------*;
MPRINT(EM_DIAGRAM):    *------------------------------------------------------------*;
115494     * MdlComp: Computing metadata for TRAIN data;
MPRINT(EM_DIAGRAM):   * MdlComp: Computing metadata for TRAIN data;
115495     *------------------------------------------------------------*;
MPRINT(EM_DIAGRAM):   *------------------------------------------------------------*;

NOTE: View EMWS1.MDLCOMP_TRAIN.VIEW used (Total process time):
      real time           0.06 seconds
      cpu time            0.06 seconds
      
MPRINT(EM_DIAGRAM):    *------------------------------------------------------------*;
MPRINT(EM_DIAGRAM):   * &nodeid: Computing Metadata for TRAIN data;
MPRINT(EM_DIAGRAM):   *------------------------------------------------------------*;
MPRINT(EMADVISECOLUMNS):   proc display c=sashelp.emmeta.advisecolumns.scl;
MPRINT(EMADVISECOLUMNS):   run;
MPRINT(EMADVISECOLUMNS):    options validvarname=any;
MPRINT(EMADVISECOLUMNS):   proc contents data=EMWS1.MdlComp_TRAIN out=_tempAdvisor noprint;
MPRINT(EMADVISECOLUMNS):   run;
MPRINT(EMADVISECOLUMNS):   options validvarname=V7;
MPRINT(EMADVISECOLUMNS):    data _null_;
MPRINT(EMADVISECOLUMNS):   dsid = open('EMWS1.MdlComp_TRAIN');
MPRINT(EMADVISECOLUMNS):   call symput('_dsidTable', strip(put(dsid, best.)));
MPRINT(EMADVISECOLUMNS):   if dsid then do;
MPRINT(EMADVISECOLUMNS):   call symput('_engineTable', attrc(dsid, 'ENGINE'));
MPRINT(EMADVISECOLUMNS):   dsid = close(dsid);
MPRINT(EMADVISECOLUMNS):   end;
MPRINT(EMADVISECOLUMNS):   run;
MPRINT(EMADVISECOLUMNS):    proc contents data=EMWS1.MdlComp_TRAIN out=WORK.M1X4Q_VF noprint;
MPRINT(EMADVISECOLUMNS):   run;
MPRINT(EMADVISECOLUMNS):    data WORK.M1X4Q_VF;
MPRINT(EMADVISECOLUMNS):   length NAME $ 64 TYPE $ 1 LABEL $ 200 FORMAT $ 36 INFORMAT $36 INDEX $ 1 INDEXTYPE $ 9;
MPRINT(EMADVISECOLUMNS):   label NAME =;
MPRINT(EMADVISECOLUMNS):   set WORK.M1X4Q_VF(keep=name type length label format formatl formatd informat informl informd idxusage rename=(type=itype));
MPRINT(EMADVISECOLUMNS):   if itype = 1 then type = 'N';
MPRINT(EMADVISECOLUMNS):   else type = 'C';
MPRINT(EMADVISECOLUMNS):   if formatl > 0 then do;
MPRINT(EMADVISECOLUMNS):   if format ne '' then do;
MPRINT(EMADVISECOLUMNS):   if type='N' then format = strip(format)!!strip(put(formatl, best12.))!!'.'!!strip(put(formatd, best12.));
MPRINT(EMADVISECOLUMNS):   else format = strip(format)!!strip(put(formatl, best12.))!!'.';
MPRINT(EMADVISECOLUMNS):   end;
MPRINT(EMADVISECOLUMNS):   else format = strip(put(formatl, best12.))!!'.'!!strip(put(formatd, best12.));
MPRINT(EMADVISECOLUMNS):   end;
MPRINT(EMADVISECOLUMNS):   else if format ne '' then format = strip(format)!!'.';
MPRINT(EMADVISECOLUMNS):   if informl > 0 then do;
MPRINT(EMADVISECOLUMNS):   if informat ne ' ' then do;
MPRINT(EMADVISECOLUMNS):   if type='N' then informat = strip(informat)!!strip(put(informl, best12.))!!'.'!!strip(put(informd, best12.));
MPRINT(EMADVISECOLUMNS):   else informat = strip(informat)!!strip(put(informl, best12.))!!'.';
MPRINT(EMADVISECOLUMNS):   end;
MPRINT(EMADVISECOLUMNS):   else informat = strip(put(informl, best12.))!!'.'!!strip(put(informd, best12.));
MPRINT(EMADVISECOLUMNS):   end;
MPRINT(EMADVISECOLUMNS):   else if informat ne '' then informat = strip(informat)!!'.';
MPRINT(EMADVISECOLUMNS):   if idxusage = 'NONE' then index ="N";
MPRINT(EMADVISECOLUMNS):   else index = "Y";
MPRINT(EMADVISECOLUMNS):   indextype = idxusage;
MPRINT(EMADVISECOLUMNS):   drop idxusage itype formatl formatd informl informd;
MPRINT(EMADVISECOLUMNS):   run;
MPRINT(EMADVISECOLUMNS):    data WORK.M1X4Q_VF;
MPRINT(EMADVISECOLUMNS):   length UNAME $64;
MPRINT(EMADVISECOLUMNS):   set WORK.M1X4Q_VF;
MPRINT(EMADVISECOLUMNS):   UNAME = upcase(NAME);
MPRINT(EMADVISECOLUMNS):   run;
MPRINT(EMADVISECOLUMNS):    proc sort data=WORK.M1CPSFMM NOTHREADS;
MPRINT(EMADVISECOLUMNS):   by UNAME;
MPRINT(EMADVISECOLUMNS):   run;
MPRINT(EMADVISECOLUMNS):    data WORK.M1CPSFMM;
MPRINT(EMADVISECOLUMNS):   drop UNAME;
MPRINT(EMADVISECOLUMNS):   set WORK.M1CPSFMM;
MPRINT(EMADVISECOLUMNS):   run;
MPRINT(EMADVISECOLUMNS):    data WORK.M2W_0HKW(keep=NAME ATTR);
MPRINT(EMADVISECOLUMNS):   length ATTR $ 20;
MPRINT(EMADVISECOLUMNS):   set WORK.M1CPSFMM;
MPRINT(EMADVISECOLUMNS):   if level ne "INTERVAL" then do;
MPRINT(EMADVISECOLUMNS):   if order = ' ' then do;
MPRINT(EMADVISECOLUMNS):   attr = 'ORDER';
MPRINT(EMADVISECOLUMNS):   output;
MPRINT(EMADVISECOLUMNS):   end;
MPRINT(EMADVISECOLUMNS):   end;
MPRINT(EMADVISECOLUMNS):   if format ne ' ' and formattype = ' ' then do;
MPRINT(EMADVISECOLUMNS):   attr = 'FORMATTYPE';
MPRINT(EMADVISECOLUMNS):   output;
MPRINT(EMADVISECOLUMNS):   end;
MPRINT(EMADVISECOLUMNS):   if role = ' ' then do;
MPRINT(EMADVISECOLUMNS):   attr = 'ROLE';
MPRINT(EMADVISECOLUMNS):   output;
MPRINT(EMADVISECOLUMNS):   end;
MPRINT(EMADVISECOLUMNS):   if level = ' ' then do;
MPRINT(EMADVISECOLUMNS):   attr = 'LEVEL';
MPRINT(EMADVISECOLUMNS):   output;
MPRINT(EMADVISECOLUMNS):   end;
MPRINT(EMADVISECOLUMNS):   if type = ' ' then do;
MPRINT(EMADVISECOLUMNS):   attr = 'TYPE';
MPRINT(EMADVISECOLUMNS):   output;
MPRINT(EMADVISECOLUMNS):   end;
MPRINT(EMADVISECOLUMNS):   if index = ' ' then do;
MPRINT(EMADVISECOLUMNS):   attr = 'INDEX';
MPRINT(EMADVISECOLUMNS):   output;
MPRINT(EMADVISECOLUMNS):   end;
MPRINT(EMADVISECOLUMNS):   if report = ' ' then do;
MPRINT(EMADVISECOLUMNS):   attr = 'REPORT';
MPRINT(EMADVISECOLUMNS):   output;
MPRINT(EMADVISECOLUMNS):   end;
MPRINT(EMADVISECOLUMNS):   run;
MPRINT(EMADVISECOLUMNS):   proc sort NOTHREADS;
MPRINT(EMADVISECOLUMNS):   by attr;
MPRINT(EMADVISECOLUMNS):   run;
MPRINT(EMADVISECOLUMNS):    data WORK.M1CPSFMM;
MPRINT(EMADVISECOLUMNS):   length NAME $64 ROLE $ 32 LEVEL $ 10 ORDER $ 8 CREATOR $32 FORMATTYPE $ 10 FAMILY $ 10 LOWERLIMIT 8 UPPERLIMIT 8 REPORT $1 DISTRIBUTION $ 20 COMMENT $64;
MPRINT(EMADVISECOLUMNS):   length levelAssigned 8 roleAssigned 8 PRICE 8;
MPRINT(EMADVISECOLUMNS):   set WORK.M1CPSFMM;
MPRINT(EMADVISECOLUMNS):   if formattype = ' ' then do;
MPRINT(EMADVISECOLUMNS):   if format ne ' ' then do;
MPRINT(EMADVISECOLUMNS):   if type = 'N' then do;
MPRINT(EMADVISECOLUMNS):   pos = indexc(format,'.1234567890');
MPRINT(EMADVISECOLUMNS):   if pos > 1 then tempfmt = substr(format,1, pos-1);
MPRINT(EMADVISECOLUMNS):   else tempfmt = ' ';
MPRINT(EMADVISECOLUMNS):   flen = length(tempfmt);
MPRINT(EMADVISECOLUMNS):   select;
MPRINT(EMADVISECOLUMNS):   when(tempfmt in ("DATE" "DAY" "DDMMYY" "DOWNAME" "JULDAY" "JULIAN" "MMDDYY" "MMDDYYD" "MMDDYYC" "MMDDYYN" "MMDDYYP" "MMDDYYS" "MONNAME" "MONTH" "MONYY" "NENGO" "QTR" "QTRR" "WEEKDATE" "WEEKDATX" "WEEKDAY" "WORDDATE" "WORDDATX" 
"YEAR" "YYMMDD" "YYMON" "YYMMDDC" "YYMMDDD" "YYMMDDN" "YYMMDDP" "YYMMDDS" "EURDFDE" "NJDATE" "NLDATE" "EURDFDD" "EURDFDWN" "EURDFMN" "EURDFMY" "EURDFWK" "EURDFWKX" "EURDFWDX" "EURDFDN" "EURDFDE" )) formattype = 'DATE';
MPRINT(EMADVISECOLUMNS):   when(tempfmt in ("DATETIME" "EURDFDT" "TOD" )) formattype = "DATETIME";
MPRINT(EMADVISECOLUMNS):   when(tempfmt in ("HHMM" "HOUR" "MMSS" "TIME" "TIMEAMPM" )) formattype = "TIME";
MPRINT(EMADVISECOLUMNS):   when(tempfmt in ("COMMA" "COMMAX" "DOLLAR" "DOLLARX" "E" "FRACT" "NEGPAREN" "PERCENT")) formattype="QUANTITY";
MPRINT(EMADVISECOLUMNS):   when(tempfmt in ("BINARY" "HEX" "IB" "OCTAL" "PD" "PIB" "PK" "RB" "SSN" "Z" "ZD")) formattype = "CODING";
MPRINT(EMADVISECOLUMNS):   otherwise do;
MPRINT(EMADVISECOLUMNS):   formattype = "USER";
MPRINT(EMADVISECOLUMNS):   if compress(tempfmt, '0123456789.', '') = '' then formattype='NUM';
MPRINT(EMADVISECOLUMNS):   else if substr(tempfmt, 1, 6)='NLDATE' then formattype = "DATE";
MPRINT(EMADVISECOLUMNS):   else if substr(tempfmt, 1, 6)='NLDATM' then formattype = "DATETIME";
MPRINT(EMADVISECOLUMNS):   else if substr(tempfmt, 1, 4)='NLTIM' then formattype = "TIME";
MPRINT(EMADVISECOLUMNS):   else if flen >= 4 then do;
MPRINT(EMADVISECOLUMNS):   str = substr(tempfmt,1,4);
MPRINT(EMADVISECOLUMNS):   if str in ("MMYY" "YYMM" "YYQR") then formattype ="DATE";
MPRINT(EMADVISECOLUMNS):   else if str = "S370" then formattype = "CODING";
MPRINT(EMADVISECOLUMNS):   else if str = "BEST" then formattype = "NUM";
MPRINT(EMADVISECOLUMNS):   drop str;
MPRINT(EMADVISECOLUMNS):   end;
MPRINT(EMADVISECOLUMNS):   else if flen >=3 and substr(tempfmt,1,3) = "YYQ" then formatType = "DATE";
MPRINT(EMADVISECOLUMNS):   end;
MPRINT(EMADVISECOLUMNS):   end;
MPRINT(EMADVISECOLUMNS):   drop flen tempfmt pos;
MPRINT(EMADVISECOLUMNS):   end;
MPRINT(EMADVISECOLUMNS):   else do;
MPRINT(EMADVISECOLUMNS):   formatType = "CATEGORY";
MPRINT(EMADVISECOLUMNS):   end;
MPRINT(EMADVISECOLUMNS):   end;
MPRINT(EMADVISECOLUMNS):   if formatType = "NUM" then do;
MPRINT(EMADVISECOLUMNS):   if index = "Y" then formatType = "DISCRETE";
MPRINT(EMADVISECOLUMNS):   else formatType = "QUANTITY";
MPRINT(EMADVISECOLUMNS):   end;
MPRINT(EMADVISECOLUMNS):   end;
MPRINT(EMADVISECOLUMNS):   if level = ' ' then do;
MPRINT(EMADVISECOLUMNS):   if formatType in ("CATEGORY", "CODING", "ID") or type = "C" then level = "NOMINAL";
MPRINT(EMADVISECOLUMNS):   else level = "INTERVAL";
MPRINT(EMADVISECOLUMNS):   levelAssigned = 1;
MPRINT(EMADVISECOLUMNS):   end;
MPRINT(EMADVISECOLUMNS):   else level = upcase(level);
MPRINT(EMADVISECOLUMNS):   if role = ' ' then do;
MPRINT(EMADVISECOLUMNS):   length name_prefix $8 _uname $64;
MPRINT(EMADVISECOLUMNS):   drop name_prefix _uname _freqflag;
MPRINT(EMADVISECOLUMNS):   retain _freqflag;
MPRINT(EMADVISECOLUMNS):   if LENGTH> 80 then ROLE = 'TEXT';
MPRINT(EMADVISECOLUMNS):   _uname = upcase(NAME);
MPRINT(EMADVISECOLUMNS):   select(_uname);
MPRINT(EMADVISECOLUMNS):   when('_PARTIND_') do;
MPRINT(EMADVISECOLUMNS):   ROLE = 'ID';
MPRINT(EMADVISECOLUMNS):   LEVEL = 'NOMINAL';
MPRINT(EMADVISECOLUMNS):   end;
MPRINT(EMADVISECOLUMNS):   when('_WARN_') ROLE = 'ASSESS';
MPRINT(EMADVISECOLUMNS):   when('EM_SEGMENT') do;
MPRINT(EMADVISECOLUMNS):   ROLE = 'SEGMENT';
MPRINT(EMADVISECOLUMNS):   LEVEL = 'NOMINAL';
MPRINT(EMADVISECOLUMNS):   end;
MPRINT(EMADVISECOLUMNS):   when('_NODE_') do;
MPRINT(EMADVISECOLUMNS):   ROLE = 'SEGMENT';
MPRINT(EMADVISECOLUMNS):   LEVEL = 'NOMINAL';
MPRINT(EMADVISECOLUMNS):   end;
MPRINT(EMADVISECOLUMNS):   when('EM_CLASSTARGET') ROLE = 'ASSESS';
MPRINT(EMADVISECOLUMNS):   when('EM_VALUETARGET') ROLE = 'ASSESS';
MPRINT(EMADVISECOLUMNS):   when('EM_PREDICTION') ROLE = 'PREDICT';
MPRINT(EMADVISECOLUMNS):   when('EM_PROBABILITY') ROLE = 'PREDICT';
MPRINT(EMADVISECOLUMNS):   when('EM_EVENTPROBABILITY') ROLE = 'PREDICT';
MPRINT(EMADVISECOLUMNS):   when('EM_CLASSIFICATION') ROLE = 'CLASSIFICATION';
MPRINT(EMADVISECOLUMNS):   when('EM_DECISION') ROLE = 'DECISION';
MPRINT(EMADVISECOLUMNS):   when('EM_PROFIT') ROLE = 'ASSESS';
MPRINT(EMADVISECOLUMNS):   when('EM_LOSS') ROLE = 'ASSESS';
MPRINT(EMADVISECOLUMNS):   when('EM_ROI') ROLE = 'ASSESS';
MPRINT(EMADVISECOLUMNS):   when('URI') ROLE = 'URL';
MPRINT(EMADVISECOLUMNS):   when('FILTERED') ROLE = 'TEXTLOC';
MPRINT(EMADVISECOLUMNS):   otherwise do;
MPRINT(EMADVISECOLUMNS):   if upcase(NAME) =: 'ZIP' then do;
MPRINT(EMADVISECOLUMNS):   ROLE = 'REJECTED';
MPRINT(EMADVISECOLUMNS):   LEVEL = 'NOMINAL';
MPRINT(EMADVISECOLUMNS):   COMMENT = 'Rejected by: Exceed the maximum class level of %s';
MPRINT(EMADVISECOLUMNS):   end;
MPRINT(EMADVISECOLUMNS):   else if upcase(NAME) in('FREQ', 'FREQUENCY') then do;
MPRINT(EMADVISECOLUMNS):   ROLE = 'FREQ';
MPRINT(EMADVISECOLUMNS):   if TYPE = 'C' then ROLE = 'INPUT';
MPRINT(EMADVISECOLUMNS):   else if _freqflag =1 then ROLE='REJECTED';
MPRINT(EMADVISECOLUMNS):   end;
MPRINT(EMADVISECOLUMNS):   else do;
MPRINT(EMADVISECOLUMNS):   name_prefix = scan(_uname, 1, '_');
MPRINT(EMADVISECOLUMNS):   if scan(_uname, 2, '_') = '' then name_prefix='';
MPRINT(EMADVISECOLUMNS):   if name_prefix in('F', 'I', 'U') then do;
MPRINT(EMADVISECOLUMNS):   ROLE = 'CLASSIFICATION';
MPRINT(EMADVISECOLUMNS):   LEVEL = 'NOMINAL';
MPRINT(EMADVISECOLUMNS):   end;
MPRINT(EMADVISECOLUMNS):   else if name_prefix in('Q') then ROLE = 'ASSESS';
MPRINT(EMADVISECOLUMNS):   else if name_prefix in('P', 'V') then ROLE = 'PREDICT';
MPRINT(EMADVISECOLUMNS):   else if name_prefix in('R', 'RS', 'RT', 'RD', 'RDS', 'RDT', 'RA', 'RAS', 'RAT') then ROLE = 'RESIDUAL';
MPRINT(EMADVISECOLUMNS):   else if name_prefix ='D' then do;
MPRINT(EMADVISECOLUMNS):   ROLE = 'DECISION';
MPRINT(EMADVISECOLUMNS):   LEVEL = 'NOMINAL';
MPRINT(EMADVISECOLUMNS):   end;
MPRINT(EMADVISECOLUMNS):   else if name_prefix ='B' then do;
MPRINT(EMADVISECOLUMNS):   ROLE = 'SEGMENT';
MPRINT(EMADVISECOLUMNS):   LEVEL = 'NOMINAL';
MPRINT(EMADVISECOLUMNS):   end;
MPRINT(EMADVISECOLUMNS):   else if name_prefix in('EP', 'BP', 'CP', 'EL', 'CL', 'BL', 'ROI', 'IC') then ROLE = 'ASSESS';
MPRINT(EMADVISECOLUMNS):   else do;
MPRINT(EMADVISECOLUMNS):   array _ROLE_ (19) $32 _TEMPORARY_ ('ASSESS','CLASSIFICATION','CENSOR', 'COST', 'CROSSID', 'DECISION', 'ID','INPUT', 'LABEL', 'MISSING','PREDICT','REFERRER','REJECTED', 'RESIDUAL','SEGMENT', 'SEQUENCE','TARGET', 'TEXT', 'TIMEID');
MPRINT(EMADVISECOLUMNS):   drop _found_ i;
MPRINT(EMADVISECOLUMNS):   _found_=0;
MPRINT(EMADVISECOLUMNS):   do i=1 to 19 until(_found_=1);
MPRINT(EMADVISECOLUMNS):   if index(_uname, trim(_ROLE_{i}))=1 then do;
MPRINT(EMADVISECOLUMNS):   ROLE=_ROLE_{i};
MPRINT(EMADVISECOLUMNS):   if ROLE = 'ID' then LEVEL = 'NOMINAL';
MPRINT(EMADVISECOLUMNS):   else if ROLE = 'SEGMENT' then LEVEL = 'NOMINAL';
MPRINT(EMADVISECOLUMNS):   else if ROLE = 'TIMEID' and TYPE='N' then LEVEL = 'INTERVAL';
MPRINT(EMADVISECOLUMNS):   _found_=1;
MPRINT(EMADVISECOLUMNS):   end;
MPRINT(EMADVISECOLUMNS):   end;
MPRINT(EMADVISECOLUMNS):   if length(_uname)>2 then do;
MPRINT(EMADVISECOLUMNS):   if substr(reverse(trim(_uname)), 1, 3) = 'DI_' then do;
MPRINT(EMADVISECOLUMNS):   ROLE = 'ID';
MPRINT(EMADVISECOLUMNS):   LEVEL = 'NOMINAL';
MPRINT(EMADVISECOLUMNS):   end;
MPRINT(EMADVISECOLUMNS):   end;
MPRINT(EMADVISECOLUMNS):   end;
MPRINT(EMADVISECOLUMNS):   end;
MPRINT(EMADVISECOLUMNS):   end;
MPRINT(EMADVISECOLUMNS):   end;
MPRINT(EMADVISECOLUMNS):   if ROLE='FREQ' then _freqflag=1;
MPRINT(EMADVISECOLUMNS):   else if ROLE = 'CLASSIFICATION' then LEVEL = 'NOMINAL';
MPRINT(EMADVISECOLUMNS):   if symexist('RATEMKG_ROLE') then do;
MPRINT(EMADVISECOLUMNS):   if upcase(symget('RATEMKG_ROLE')) in('Y', 'YES') then do;
MPRINT(EMADVISECOLUMNS):   if _uname =: 'POLICY' then ROLE = 'POLICYID';
MPRINT(EMADVISECOLUMNS):   else if _uname in ('PARTITION', '_PARTIND_') then ROLE = 'PARTITION';
MPRINT(EMADVISECOLUMNS):   else if type = 'N' then do;
MPRINT(EMADVISECOLUMNS):   if _uname = 'EXPOSURE' then ROLE = 'EXPOSURE';
MPRINT(EMADVISECOLUMNS):   else if _uname = 'YEAR' then ROLE = 'YEAR';
MPRINT(EMADVISECOLUMNS):   else if _uname = 'WEIGHT' then ROLE = 'WEIGHT';
MPRINT(EMADVISECOLUMNS):   else if _uname = 'OFFSET' then ROLE = 'OFFSET';
MPRINT(EMADVISECOLUMNS):   end;
MPRINT(EMADVISECOLUMNS):   end;
MPRINT(EMADVISECOLUMNS):   end;
MPRINT(EMADVISECOLUMNS):   end;
MPRINT(EMADVISECOLUMNS):   if role = ' ' then do;
MPRINT(EMADVISECOLUMNS):   if formattype in('DATE', 'DATETIME', 'TIME') then role = 'TIMEID';
MPRINT(EMADVISECOLUMNS):   else role = 'INPUT';
MPRINT(EMADVISECOLUMNS):   roleAssigned = 1;
MPRINT(EMADVISECOLUMNS):   end;
MPRINT(EMADVISECOLUMNS):   else role = upcase(role);
MPRINT(EMADVISECOLUMNS):   if REPORT = '' then REPORT = 'N';
MPRINT(EMADVISECOLUMNS):   if symexist('dmwb_product') then do;
MPRINT(EMADVISECOLUMNS):   if upcase(symget('dmwb_product')) = 'FACTORYMINER_DATASOURCE' then do;
MPRINT(EMADVISECOLUMNS):   if ROLE ^in('INPUT', 'TARGET', 'REJECTED', 'SEGMENT', 'FREQ', 'ID', 'KEY') then ROLE='REJECTED';
MPRINT(EMADVISECOLUMNS):   end;
MPRINT(EMADVISECOLUMNS):   end;
MPRINT(EMADVISECOLUMNS):   run;
MPRINT(EMADVISECOLUMNS):    data WORK.M1CPSFMM;
MPRINT(EMADVISECOLUMNS):   set WORK.M1CPSFMM;
MPRINT(EMADVISECOLUMNS):   label NAME = "Variable Name" TYPE = "Type" ROLE = "Role" LEVEL= "Measurement Level" ORDER= "Order" CREATOR= "Creator" FORMATTYPE= "Format Type" FAMILY= "Family" DISTRIBUTION= "Distribution" PRICE= "Price" LOWERLIMIT= "Lower 
limit" UPPERLIMIT= "Upper Limit" REPORT= "Report" COMMENT= "Comment" INDEX= "Index" INDEXTYPE= "IndexType" LABEL= "Label" LENGTH= "Length";
MPRINT(EMADVISECOLUMNS):   drop levelAssigned roleAssigned;
MPRINT(EMADVISECOLUMNS):   run;
MPRINT(EMADVISECOLUMNS):   
MPRINT(EM_DIAGRAM):  ;
MPRINT(EM_DIAGRAM):   proc sort data=WORK.COLUMNMETA;
MPRINT(EM_DIAGRAM):   by NAME;
MPRINT(EM_DIAGRAM):   run;
MPRINT(EM_DIAGRAM):   *------------------------------------------------------------*;
MPRINT(EM_DIAGRAM):   * &nodeid: Merge incoming metadata;
MPRINT(EM_DIAGRAM):   *------------------------------------------------------------*;
MPRINT(EM_DIAGRAM):   proc contents data=EMWS1.Tree_TRAIN noprint out=_temp2(keep=NAME);
MPRINT(EM_DIAGRAM):   run;
MPRINT(EM_DIAGRAM):   proc sort data=_temp2;
MPRINT(EM_DIAGRAM):   by NAME;
MPRINT(EM_DIAGRAM):   run;
MPRINT(EM_DIAGRAM):   proc sort data=EMWS1.Tree_CMeta_TRAIN out=_temp;
MPRINT(EM_DIAGRAM):   by NAME;
MPRINT(EM_DIAGRAM):   run;
MPRINT(EM_DIAGRAM):   data EMWS1.MdlComp_CMeta_TRAIN;
MPRINT(EM_DIAGRAM):   merge WORK.COLUMNMETA(in=_a) _temp2(in=_b) _temp(drop=FORMAT INFORMAT LENGTH INDEX INDEXTYPE in=_c) end=_eof_;
MPRINT(EM_DIAGRAM):   by NAME;
MPRINT(EM_DIAGRAM):   if (^_a and _b) or (^_c and _a and _b) then delete;
MPRINT(EM_DIAGRAM):   if ^_b then CREATOR = "MdlComp";
MPRINT(EM_DIAGRAM):   run;
NOTE: View EMWS1.MDLCOMP_TRAIN.VIEW used (Total process time):
      real time           0.07 seconds
      cpu time            0.07 seconds
      
NOTE: View EMWS1.MDLCOMP_VALIDATE.VIEW used (Total process time):
      real time           0.06 seconds
      cpu time            0.06 seconds
      
MPRINT(EM_DIAGRAM):    proc printto;
MPRINT(EM_DIAGRAM):   run;
