 
                                                                                                                                                                                                                                                                
 
 
Variable Summary

            Measurement    Frequency
Role           Level         Count

ID           INTERVAL           1   
ID           NOMINAL            1   
INPUT        INTERVAL          27   
REJECTED     INTERVAL           3   
TARGET       BINARY             1   
 
                                                                                                                                                                                                                                                                
 
 
Model Events

                                     Number
                      Measurement      of
 Target      Event       Level       Levels      Order       Label

diagnosis      M        BINARY          2      Descending         
 
                                                                                                                                                                                                                                                                
 
 
Predicted and decision variables

Type           Variable              Label

TARGET       diagnosis                             
PREDICTED    P_diagnosisM    Predicted: diagnosis=M
RESIDUAL     R_diagnosisM    Residual: diagnosis=M 
PREDICTED    P_diagnosisB    Predicted: diagnosis=B
RESIDUAL     R_diagnosisB    Residual: diagnosis=B 
FROM         F_diagnosis     From: diagnosis       
INTO         I_diagnosis     Into: diagnosis       
