MPRINT(EM_DIAGRAM):    data _null_;
MPRINT(EM_DIAGRAM):   call symput('NLDATE', strip(put(date(), NLDATE.)));
MPRINT(EM_DIAGRAM):   call symput('NLTIME', strip(put(datetime(), NLTIME.)));
MPRINT(EM_DIAGRAM):   run;
MPRINT(EM_DIAGRAM):   data _null_;
MPRINT(EM_DIAGRAM):   nldate= sasmsg("sashelp.dmine", "log_date_note", 'N', "October 03, 2026" );
MPRINT(EM_DIAGRAM):   nltime= sasmsg("sashelp.dmine", "log_time_note", 'N', "18:24:56" );
MPRINT(EM_DIAGRAM):   put "*------------------------------------------------------------*";
MPRINT(EM_DIAGRAM):   put "* Report Log";
MPRINT(EM_DIAGRAM):   put nldate;
MPRINT(EM_DIAGRAM):   put nltime;
MPRINT(EM_DIAGRAM):   put "*------------------------------------------------------------*";
MPRINT(EM_DIAGRAM):   run;
*------------------------------------------------------------*
* Report Log
Date:                October 03, 2026
Time:                18:24:56
*------------------------------------------------------------*
MPRINT(EM_DIAGRAM):    filename O39L37E7 "C:\Users\student\OneDrive - Bryant University\Documents\GitHub\Projects_in_R\Assignments\Assignment 3\Workspaces\EMWS1\Part2\EMREPORT.out" encoding="UTF-8" NOBOM;
MPRINT(EM_DIAGRAM):   proc printto print=O39L37E7 new;
MPRINT(EM_DIAGRAM):   run;
MPRINT(EM_DIAGRAM):    data WORK.M05PFGQC;
MPRINT(EM_DIAGRAM):   set WORK.M05PFGQC;
MPRINT(EM_DIAGRAM):   where(ROLE = "TARGET" or ROLE = "FREQ");
MPRINT(EM_DIAGRAM):   run;
23037      *------------------------------------------------------------*;
MPRINT(EM_DIAGRAM):    *------------------------------------------------------------*;
23038      * Part2: Computing statistics for class target variables;
MPRINT(EM_DIAGRAM):   * Part2: Computing statistics for class target variables;
23039      *------------------------------------------------------------*;
MPRINT(EM_DIAGRAM):   *------------------------------------------------------------*;
23040      ods listing close;
MPRINT(EM_DIAGRAM):   ods listing close;
23041      ods output onewayfreqs=WORK.TEMPFREQ;
MPRINT(EM_DIAGRAM):   ods output onewayfreqs=WORK.TEMPFREQ;
23042      proc freq data = EMWS1.FIMPORT2_train order=formatted addnames;
MPRINT(EM_DIAGRAM):   proc freq data = EMWS1.FIMPORT2_train order=formatted addnames;
23043      table diagnosis / missing;
MPRINT(EM_DIAGRAM):   table diagnosis / missing;
23044      run;
MPRINT(EM_DIAGRAM):   run;

NOTE: View EMWS1.FIMPORT2_TRAIN.VIEW used (Total process time):
      real time           0.07 seconds
      cpu time            0.06 seconds
      
NOTE: There were 569 observations read from the data set EMWS1.FIMPORT2_DATA.
NOTE: The data set WORK.TEMPFREQ has 2 observations and 8 variables.
NOTE: There were 569 observations read from the data set EMWS1.FIMPORT2_TRAIN.
NOTE: PROCEDURE FREQ used (Total process time):
      real time           0.08 seconds
      cpu time            0.06 seconds
      

MPRINT(EM_DIAGRAM):   quit;
23045      quit;
23046      ods listing;
MPRINT(EM_DIAGRAM):   ods listing;
23047      data WORK.Part2_BAR(keep=_VARIABLE_ TYPE COUNT PERCENT _X_ _XLABEL_);
MPRINT(EM_DIAGRAM):    data WORK.Part2_BAR(keep=_VARIABLE_ TYPE COUNT PERCENT _X_ _XLABEL_);
23048      label _VARIABLE_ = "%sysfunc(sasmsg(sashelp.dmine, rpt_variable_vlabel, NOQUOTE))" Type = "%sysfunc(sasmsg(sashelp.dmine, rpt_type_vlabel,         NOQUOTE))" _X_ = "%sysfunc(sasmsg(sashelp.dmine, rpt_numValue_vlabel, NOQUOTE))" _XLABEL_ =
23049         "%sysfunc(sasmsg(sashelp.dmine, rpt_fmtValue_vlabel ,    NOQUOTE))" COUNT = "%sysfunc(sasmsg(sashelp.dmine, rpt_count_vlabel,        NOQUOTE))" PERCENT = "%sysfunc(sasmsg(sashelp.dmine, rpt_percent_vlabel,      NOQUOTE))";
MPRINT(EM_DIAGRAM):   label _VARIABLE_ = "Variable" Type = "Type" _X_ = "Numeric Value" _XLABEL_ = "Formatted Value" COUNT = "Frequency Count" PERCENT = "Percent";
23050      dsid = open("WORK.TEMPFREQ");
MPRINT(EM_DIAGRAM):   dsid = open("WORK.TEMPFREQ");
23051      varnum = varnum(dsid, 'VARIABLE');
MPRINT(EM_DIAGRAM):   varnum = varnum(dsid, 'VARIABLE');
23052      freqnum = varnum(dsid, 'FREQUENCY');
MPRINT(EM_DIAGRAM):   freqnum = varnum(dsid, 'FREQUENCY');
23053      pvarnum = varnum(dsid, 'PERCENT');
MPRINT(EM_DIAGRAM):   pvarnum = varnum(dsid, 'PERCENT');
23054      typenum = varnum(dsid, '_TYPE_');
MPRINT(EM_DIAGRAM):   typenum = varnum(dsid, '_TYPE_');
23055      length _VARIABLE_ $32 TYPE $1 _XLABEL_ $32;
MPRINT(EM_DIAGRAM):   length _VARIABLE_ $32 TYPE $1 _XLABEL_ $32;
23056      do while(^fetch(dsid));
MPRINT(EM_DIAGRAM):   do while(^fetch(dsid));
23057      _VARIABLE_ = strip(getvarc(dsid, varnum));
MPRINT(EM_DIAGRAM):   _VARIABLE_ = strip(getvarc(dsid, varnum));
23058      count = getvarn(dsid, freqnum);
MPRINT(EM_DIAGRAM):   count = getvarn(dsid, freqnum);
23059      percent= getvarn(dsid, pvarnum);
MPRINT(EM_DIAGRAM):   percent= getvarn(dsid, pvarnum);
23060      vvarnum = varnum(dsid, _VARIABLE_);
MPRINT(EM_DIAGRAM):   vvarnum = varnum(dsid, _VARIABLE_);
23061      type = vartype(dsid, vvarnum);
MPRINT(EM_DIAGRAM):   type = vartype(dsid, vvarnum);
23062      fvarnum = varnum(dsid, 'F_'!!substr(_VARIABLE_, 1, 30));
MPRINT(EM_DIAGRAM):   fvarnum = varnum(dsid, 'F_'!!substr(_VARIABLE_, 1, 30));
23063      _XLABEL_ = left(getvarc(dsid, fvarnum));
MPRINT(EM_DIAGRAM):   _XLABEL_ = left(getvarc(dsid, fvarnum));
23064      _X_ = .;
MPRINT(EM_DIAGRAM):   _X_ = .;
23065      if TYPE eq 'N' then _X_ = getvarn(dsid, vvarnum);
MPRINT(EM_DIAGRAM):   if TYPE eq 'N' then _X_ = getvarn(dsid, vvarnum);
23066      output;
MPRINT(EM_DIAGRAM):   output;
23067      end;
MPRINT(EM_DIAGRAM):   end;
23068      dsid = close(dsid);
MPRINT(EM_DIAGRAM):   dsid = close(dsid);
23069      run;
MPRINT(EM_DIAGRAM):   run;

NOTE: The data set WORK.PART2_BAR has 2 observations and 6 variables.
NOTE: DATA statement used (Total process time):
      real time           0.02 seconds
      cpu time            0.03 seconds
      

23070      proc sort data=WORK.Part2_BAR NOTHREADS;
MPRINT(EM_DIAGRAM):   proc sort data=WORK.Part2_BAR NOTHREADS;
23071      by _VARIABLE_;
MPRINT(EM_DIAGRAM):   by _VARIABLE_;
23072      run;
MPRINT(EM_DIAGRAM):   run;

NOTE: There were 2 observations read from the data set WORK.PART2_BAR.
NOTE: The data set WORK.PART2_BAR has 2 observations and 6 variables.
NOTE: PROCEDURE SORT used (Total process time):
      real time           0.02 seconds
      cpu time            0.01 seconds
      

23073      proc sort data=WORK.M05PFGQC;
MPRINT(EM_DIAGRAM):   proc sort data=WORK.M05PFGQC;
23074      by Name;
MPRINT(EM_DIAGRAM):   by Name;
23075      run;
MPRINT(EM_DIAGRAM):   run;

NOTE: There were 1 observations read from the data set WORK.M05PFGQC.
NOTE: The data set WORK.M05PFGQC has 1 observations and 21 variables.
NOTE: PROCEDURE SORT used (Total process time):
      real time           0.01 seconds
      cpu time            0.01 seconds
      

23076      data WORK.Part2_BAR;
MPRINT(EM_DIAGRAM):   data WORK.Part2_BAR;
23077      merge WORK.Part2_BAR(in=_a) WORK.M05PFGQC(keep=Name Label Role rename=(Name=_Variable_ Label=_Label_));
MPRINT(EM_DIAGRAM):   merge WORK.Part2_BAR(in=_a) WORK.M05PFGQC(keep=Name Label Role rename=(Name=_Variable_ Label=_Label_));
23078      by _Variable_;
MPRINT(EM_DIAGRAM):   by _Variable_;
23079      label Role = "%sysfunc(sasmsg(sashelp.dmine, meta_role_vlabel ,  NOQUOTE))";
MPRINT(EM_DIAGRAM):   label Role = "Role";
23080      label Label = "%sysfunc(sasmsg(sashelp.dmine, meta_label_vlabel , NOQUOTE))";
MPRINT(EM_DIAGRAM):   label Label = "Label";
23081      if _a then output;
MPRINT(EM_DIAGRAM):   if _a then output;
23082      run;
MPRINT(EM_DIAGRAM):   run;

NOTE: Variable Label is uninitialized.
WARNING: Multiple lengths were specified for the BY variable _VARIABLE_ by input data sets. This might cause unexpected results.
NOTE: There were 2 observations read from the data set WORK.PART2_BAR.
NOTE: There were 1 observations read from the data set WORK.M05PFGQC.
NOTE: The data set WORK.PART2_BAR has 2 observations and 8 variables.
NOTE: DATA statement used (Total process time):
      real time           0.03 seconds
      cpu time            0.01 seconds
      

23083      data EMWS1.Part2_CLASS;
MPRINT(EM_DIAGRAM):    data EMWS1.Part2_CLASS;
23084      length DATA $8;
MPRINT(EM_DIAGRAM):   length DATA $8;
23085      set WORK.Part2_BAR;
MPRINT(EM_DIAGRAM):   set WORK.Part2_BAR;
23086      DATA = "DATA";
MPRINT(EM_DIAGRAM):   DATA = "DATA";
23087      run;
MPRINT(EM_DIAGRAM):   run;

NOTE: There were 2 observations read from the data set WORK.PART2_BAR.
NOTE: The data set EMWS1.PART2_CLASS has 2 observations and 9 variables.
NOTE: DATA statement used (Total process time):
      real time           0.02 seconds
      cpu time            0.00 seconds
      

23088      *------------------------------------------------------------*;
MPRINT(EM_DIAGRAM):    *------------------------------------------------------------*;
23089      * Part2: Computing statistics for interval target variables;
MPRINT(EM_DIAGRAM):   * Part2: Computing statistics for interval target variables;
23090      *------------------------------------------------------------*;
MPRINT(EM_DIAGRAM):   *------------------------------------------------------------*;
23091      *------------------------------------------------------------*;
MPRINT(EM_DIAGRAM):   *------------------------------------------------------------*;
23092      * Part2: Computing statistics for class target variables;
MPRINT(EM_DIAGRAM):   * Part2: Computing statistics for class target variables;
23093      *------------------------------------------------------------*;
MPRINT(EM_DIAGRAM):   *------------------------------------------------------------*;
23094      ods listing close;
MPRINT(EM_DIAGRAM):   ods listing close;
23095      ods output onewayfreqs=WORK.TEMPFREQ;
MPRINT(EM_DIAGRAM):   ods output onewayfreqs=WORK.TEMPFREQ;
23096      proc freq data = EMWS1.Part2_TRAIN order=formatted addnames;
MPRINT(EM_DIAGRAM):   proc freq data = EMWS1.Part2_TRAIN order=formatted addnames;
23097      table diagnosis / missing;
MPRINT(EM_DIAGRAM):   table diagnosis / missing;
23098      run;
MPRINT(EM_DIAGRAM):   run;

NOTE: The data set WORK.TEMPFREQ has 2 observations and 8 variables.
NOTE: There were 396 observations read from the data set EMWS1.PART2_TRAIN.
NOTE: PROCEDURE FREQ used (Total process time):
      real time           0.06 seconds
      cpu time            0.01 seconds
      

MPRINT(EM_DIAGRAM):   quit;
23099      quit;
23100      ods listing;
MPRINT(EM_DIAGRAM):   ods listing;
23101      data WORK.Part2_BAR(keep=_VARIABLE_ TYPE COUNT PERCENT _X_ _XLABEL_);
MPRINT(EM_DIAGRAM):    data WORK.Part2_BAR(keep=_VARIABLE_ TYPE COUNT PERCENT _X_ _XLABEL_);
23102      label _VARIABLE_ = "%sysfunc(sasmsg(sashelp.dmine, rpt_variable_vlabel, NOQUOTE))" Type = "%sysfunc(sasmsg(sashelp.dmine, rpt_type_vlabel,         NOQUOTE))" _X_ = "%sysfunc(sasmsg(sashelp.dmine, rpt_numValue_vlabel, NOQUOTE))" _XLABEL_ =
23103         "%sysfunc(sasmsg(sashelp.dmine, rpt_fmtValue_vlabel ,    NOQUOTE))" COUNT = "%sysfunc(sasmsg(sashelp.dmine, rpt_count_vlabel,        NOQUOTE))" PERCENT = "%sysfunc(sasmsg(sashelp.dmine, rpt_percent_vlabel,      NOQUOTE))";
MPRINT(EM_DIAGRAM):   label _VARIABLE_ = "Variable" Type = "Type" _X_ = "Numeric Value" _XLABEL_ = "Formatted Value" COUNT = "Frequency Count" PERCENT = "Percent";
23104      dsid = open("WORK.TEMPFREQ");
MPRINT(EM_DIAGRAM):   dsid = open("WORK.TEMPFREQ");
23105      varnum = varnum(dsid, 'VARIABLE');
MPRINT(EM_DIAGRAM):   varnum = varnum(dsid, 'VARIABLE');
23106      freqnum = varnum(dsid, 'FREQUENCY');
MPRINT(EM_DIAGRAM):   freqnum = varnum(dsid, 'FREQUENCY');
23107      pvarnum = varnum(dsid, 'PERCENT');
MPRINT(EM_DIAGRAM):   pvarnum = varnum(dsid, 'PERCENT');
23108      typenum = varnum(dsid, '_TYPE_');
MPRINT(EM_DIAGRAM):   typenum = varnum(dsid, '_TYPE_');
23109      length _VARIABLE_ $32 TYPE $1 _XLABEL_ $32;
MPRINT(EM_DIAGRAM):   length _VARIABLE_ $32 TYPE $1 _XLABEL_ $32;
23110      do while(^fetch(dsid));
MPRINT(EM_DIAGRAM):   do while(^fetch(dsid));
23111      _VARIABLE_ = strip(getvarc(dsid, varnum));
MPRINT(EM_DIAGRAM):   _VARIABLE_ = strip(getvarc(dsid, varnum));
23112      count = getvarn(dsid, freqnum);
MPRINT(EM_DIAGRAM):   count = getvarn(dsid, freqnum);
23113      percent= getvarn(dsid, pvarnum);
MPRINT(EM_DIAGRAM):   percent= getvarn(dsid, pvarnum);
23114      vvarnum = varnum(dsid, _VARIABLE_);
MPRINT(EM_DIAGRAM):   vvarnum = varnum(dsid, _VARIABLE_);
23115      type = vartype(dsid, vvarnum);
MPRINT(EM_DIAGRAM):   type = vartype(dsid, vvarnum);
23116      fvarnum = varnum(dsid, 'F_'!!substr(_VARIABLE_, 1, 30));
MPRINT(EM_DIAGRAM):   fvarnum = varnum(dsid, 'F_'!!substr(_VARIABLE_, 1, 30));
23117      _XLABEL_ = left(getvarc(dsid, fvarnum));
MPRINT(EM_DIAGRAM):   _XLABEL_ = left(getvarc(dsid, fvarnum));
23118      _X_ = .;
MPRINT(EM_DIAGRAM):   _X_ = .;
23119      if TYPE eq 'N' then _X_ = getvarn(dsid, vvarnum);
MPRINT(EM_DIAGRAM):   if TYPE eq 'N' then _X_ = getvarn(dsid, vvarnum);
23120      output;
MPRINT(EM_DIAGRAM):   output;
23121      end;
MPRINT(EM_DIAGRAM):   end;
23122      dsid = close(dsid);
MPRINT(EM_DIAGRAM):   dsid = close(dsid);
23123      run;
MPRINT(EM_DIAGRAM):   run;

NOTE: The data set WORK.PART2_BAR has 2 observations and 6 variables.
NOTE: DATA statement used (Total process time):
      real time           0.02 seconds
      cpu time            0.03 seconds
      

23124      proc sort data=WORK.Part2_BAR NOTHREADS;
MPRINT(EM_DIAGRAM):   proc sort data=WORK.Part2_BAR NOTHREADS;
23125      by _VARIABLE_;
MPRINT(EM_DIAGRAM):   by _VARIABLE_;
23126      run;
MPRINT(EM_DIAGRAM):   run;

NOTE: There were 2 observations read from the data set WORK.PART2_BAR.
NOTE: The data set WORK.PART2_BAR has 2 observations and 6 variables.
NOTE: PROCEDURE SORT used (Total process time):
      real time           0.03 seconds
      cpu time            0.00 seconds
      

23127      proc sort data=WORK.M05PFGQC;
MPRINT(EM_DIAGRAM):   proc sort data=WORK.M05PFGQC;
23128      by Name;
MPRINT(EM_DIAGRAM):   by Name;
23129      run;
MPRINT(EM_DIAGRAM):   run;

NOTE: Input data set is already sorted, no sorting done.
NOTE: PROCEDURE SORT used (Total process time):
      real time           0.00 seconds
      cpu time            0.00 seconds
      

23130      data WORK.Part2_BAR;
MPRINT(EM_DIAGRAM):   data WORK.Part2_BAR;
23131      merge WORK.Part2_BAR(in=_a) WORK.M05PFGQC(keep=Name Label Role rename=(Name=_Variable_ Label=_Label_));
MPRINT(EM_DIAGRAM):   merge WORK.Part2_BAR(in=_a) WORK.M05PFGQC(keep=Name Label Role rename=(Name=_Variable_ Label=_Label_));
23132      by _Variable_;
MPRINT(EM_DIAGRAM):   by _Variable_;
23133      label Role = "%sysfunc(sasmsg(sashelp.dmine, meta_role_vlabel ,  NOQUOTE))";
MPRINT(EM_DIAGRAM):   label Role = "Role";
23134      label Label = "%sysfunc(sasmsg(sashelp.dmine, meta_label_vlabel , NOQUOTE))";
MPRINT(EM_DIAGRAM):   label Label = "Label";
23135      if _a then output;
MPRINT(EM_DIAGRAM):   if _a then output;
23136      run;
MPRINT(EM_DIAGRAM):   run;

NOTE: Variable Label is uninitialized.
WARNING: Multiple lengths were specified for the BY variable _VARIABLE_ by input data sets. This might cause unexpected results.
NOTE: There were 2 observations read from the data set WORK.PART2_BAR.
NOTE: There were 1 observations read from the data set WORK.M05PFGQC.
NOTE: The data set WORK.PART2_BAR has 2 observations and 8 variables.
NOTE: DATA statement used (Total process time):
      real time           0.03 seconds
      cpu time            0.03 seconds
      

23137      data WORK.Part2_BAR;
MPRINT(EM_DIAGRAM):    data WORK.Part2_BAR;
23138      length DATA $8;
MPRINT(EM_DIAGRAM):   length DATA $8;
23139      set WORK.Part2_BAR;
MPRINT(EM_DIAGRAM):   set WORK.Part2_BAR;
23140      DATA = "TRAIN";
MPRINT(EM_DIAGRAM):   DATA = "TRAIN";
23141      run;
MPRINT(EM_DIAGRAM):   run;

NOTE: There were 2 observations read from the data set WORK.PART2_BAR.
NOTE: The data set WORK.PART2_BAR has 2 observations and 9 variables.
NOTE: DATA statement used (Total process time):
      real time           0.04 seconds
      cpu time            0.01 seconds
      

23142      data EMWS1.Part2_CLASS;
MPRINT(EM_DIAGRAM):   data EMWS1.Part2_CLASS;
23143      set EMWS1.Part2_CLASS WORK.Part2_BAR;
MPRINT(EM_DIAGRAM):   set EMWS1.Part2_CLASS WORK.Part2_BAR;
23144      run;
MPRINT(EM_DIAGRAM):   run;

NOTE: There were 2 observations read from the data set EMWS1.PART2_CLASS.
NOTE: There were 2 observations read from the data set WORK.PART2_BAR.
NOTE: The data set EMWS1.PART2_CLASS has 4 observations and 9 variables.
NOTE: DATA statement used (Total process time):
      real time           0.03 seconds
      cpu time            0.03 seconds
      

23145      *------------------------------------------------------------*;
MPRINT(EM_DIAGRAM):    *------------------------------------------------------------*;
23146      * Part2: Computing statistics for interval target variables;
MPRINT(EM_DIAGRAM):   * Part2: Computing statistics for interval target variables;
23147      *------------------------------------------------------------*;
MPRINT(EM_DIAGRAM):   *------------------------------------------------------------*;
23148      *------------------------------------------------------------*;
MPRINT(EM_DIAGRAM):   *------------------------------------------------------------*;
23149      * Part2: Computing statistics for class target variables;
MPRINT(EM_DIAGRAM):   * Part2: Computing statistics for class target variables;
23150      *------------------------------------------------------------*;
MPRINT(EM_DIAGRAM):   *------------------------------------------------------------*;
23151      ods listing close;
MPRINT(EM_DIAGRAM):   ods listing close;
23152      ods output onewayfreqs=WORK.TEMPFREQ;
MPRINT(EM_DIAGRAM):   ods output onewayfreqs=WORK.TEMPFREQ;
23153      proc freq data = EMWS1.Part2_VALIDATE order=formatted addnames;
MPRINT(EM_DIAGRAM):   proc freq data = EMWS1.Part2_VALIDATE order=formatted addnames;
23154      table diagnosis / missing;
MPRINT(EM_DIAGRAM):   table diagnosis / missing;
23155      run;
MPRINT(EM_DIAGRAM):   run;

NOTE: The data set WORK.TEMPFREQ has 2 observations and 8 variables.
NOTE: There were 173 observations read from the data set EMWS1.PART2_VALIDATE.
NOTE: PROCEDURE FREQ used (Total process time):
      real time           0.05 seconds
      cpu time            0.01 seconds
      

MPRINT(EM_DIAGRAM):   quit;
23156      quit;
23157      ods listing;
MPRINT(EM_DIAGRAM):   ods listing;
23158      data WORK.Part2_BAR(keep=_VARIABLE_ TYPE COUNT PERCENT _X_ _XLABEL_);
MPRINT(EM_DIAGRAM):    data WORK.Part2_BAR(keep=_VARIABLE_ TYPE COUNT PERCENT _X_ _XLABEL_);
23159      label _VARIABLE_ = "%sysfunc(sasmsg(sashelp.dmine, rpt_variable_vlabel, NOQUOTE))" Type = "%sysfunc(sasmsg(sashelp.dmine, rpt_type_vlabel,         NOQUOTE))" _X_ = "%sysfunc(sasmsg(sashelp.dmine, rpt_numValue_vlabel, NOQUOTE))" _XLABEL_ =
23160         "%sysfunc(sasmsg(sashelp.dmine, rpt_fmtValue_vlabel ,    NOQUOTE))" COUNT = "%sysfunc(sasmsg(sashelp.dmine, rpt_count_vlabel,        NOQUOTE))" PERCENT = "%sysfunc(sasmsg(sashelp.dmine, rpt_percent_vlabel,      NOQUOTE))";
MPRINT(EM_DIAGRAM):   label _VARIABLE_ = "Variable" Type = "Type" _X_ = "Numeric Value" _XLABEL_ = "Formatted Value" COUNT = "Frequency Count" PERCENT = "Percent";
23161      dsid = open("WORK.TEMPFREQ");
MPRINT(EM_DIAGRAM):   dsid = open("WORK.TEMPFREQ");
23162      varnum = varnum(dsid, 'VARIABLE');
MPRINT(EM_DIAGRAM):   varnum = varnum(dsid, 'VARIABLE');
23163      freqnum = varnum(dsid, 'FREQUENCY');
MPRINT(EM_DIAGRAM):   freqnum = varnum(dsid, 'FREQUENCY');
23164      pvarnum = varnum(dsid, 'PERCENT');
MPRINT(EM_DIAGRAM):   pvarnum = varnum(dsid, 'PERCENT');
23165      typenum = varnum(dsid, '_TYPE_');
MPRINT(EM_DIAGRAM):   typenum = varnum(dsid, '_TYPE_');
23166      length _VARIABLE_ $32 TYPE $1 _XLABEL_ $32;
MPRINT(EM_DIAGRAM):   length _VARIABLE_ $32 TYPE $1 _XLABEL_ $32;
23167      do while(^fetch(dsid));
MPRINT(EM_DIAGRAM):   do while(^fetch(dsid));
23168      _VARIABLE_ = strip(getvarc(dsid, varnum));
MPRINT(EM_DIAGRAM):   _VARIABLE_ = strip(getvarc(dsid, varnum));
23169      count = getvarn(dsid, freqnum);
MPRINT(EM_DIAGRAM):   count = getvarn(dsid, freqnum);
23170      percent= getvarn(dsid, pvarnum);
MPRINT(EM_DIAGRAM):   percent= getvarn(dsid, pvarnum);
23171      vvarnum = varnum(dsid, _VARIABLE_);
MPRINT(EM_DIAGRAM):   vvarnum = varnum(dsid, _VARIABLE_);
23172      type = vartype(dsid, vvarnum);
MPRINT(EM_DIAGRAM):   type = vartype(dsid, vvarnum);
23173      fvarnum = varnum(dsid, 'F_'!!substr(_VARIABLE_, 1, 30));
MPRINT(EM_DIAGRAM):   fvarnum = varnum(dsid, 'F_'!!substr(_VARIABLE_, 1, 30));
23174      _XLABEL_ = left(getvarc(dsid, fvarnum));
MPRINT(EM_DIAGRAM):   _XLABEL_ = left(getvarc(dsid, fvarnum));
23175      _X_ = .;
MPRINT(EM_DIAGRAM):   _X_ = .;
23176      if TYPE eq 'N' then _X_ = getvarn(dsid, vvarnum);
MPRINT(EM_DIAGRAM):   if TYPE eq 'N' then _X_ = getvarn(dsid, vvarnum);
23177      output;
MPRINT(EM_DIAGRAM):   output;
23178      end;
MPRINT(EM_DIAGRAM):   end;
23179      dsid = close(dsid);
MPRINT(EM_DIAGRAM):   dsid = close(dsid);
23180      run;
MPRINT(EM_DIAGRAM):   run;

NOTE: The data set WORK.PART2_BAR has 2 observations and 6 variables.
NOTE: DATA statement used (Total process time):
      real time           0.02 seconds
      cpu time            0.01 seconds
      

23181      proc sort data=WORK.Part2_BAR NOTHREADS;
MPRINT(EM_DIAGRAM):   proc sort data=WORK.Part2_BAR NOTHREADS;
23182      by _VARIABLE_;
MPRINT(EM_DIAGRAM):   by _VARIABLE_;
23183      run;
MPRINT(EM_DIAGRAM):   run;

NOTE: There were 2 observations read from the data set WORK.PART2_BAR.
NOTE: The data set WORK.PART2_BAR has 2 observations and 6 variables.
NOTE: PROCEDURE SORT used (Total process time):
      real time           0.03 seconds
      cpu time            0.01 seconds
      

23184      proc sort data=WORK.M05PFGQC;
MPRINT(EM_DIAGRAM):   proc sort data=WORK.M05PFGQC;
23185      by Name;
MPRINT(EM_DIAGRAM):   by Name;
23186      run;
MPRINT(EM_DIAGRAM):   run;

NOTE: Input data set is already sorted, no sorting done.
NOTE: PROCEDURE SORT used (Total process time):
      real time           0.00 seconds
      cpu time            0.00 seconds
      

23187      data WORK.Part2_BAR;
MPRINT(EM_DIAGRAM):   data WORK.Part2_BAR;
23188      merge WORK.Part2_BAR(in=_a) WORK.M05PFGQC(keep=Name Label Role rename=(Name=_Variable_ Label=_Label_));
MPRINT(EM_DIAGRAM):   merge WORK.Part2_BAR(in=_a) WORK.M05PFGQC(keep=Name Label Role rename=(Name=_Variable_ Label=_Label_));
23189      by _Variable_;
MPRINT(EM_DIAGRAM):   by _Variable_;
23190      label Role = "%sysfunc(sasmsg(sashelp.dmine, meta_role_vlabel ,  NOQUOTE))";
MPRINT(EM_DIAGRAM):   label Role = "Role";
23191      label Label = "%sysfunc(sasmsg(sashelp.dmine, meta_label_vlabel , NOQUOTE))";
MPRINT(EM_DIAGRAM):   label Label = "Label";
23192      if _a then output;
MPRINT(EM_DIAGRAM):   if _a then output;
23193      run;
MPRINT(EM_DIAGRAM):   run;

NOTE: Variable Label is uninitialized.
WARNING: Multiple lengths were specified for the BY variable _VARIABLE_ by input data sets. This might cause unexpected results.
NOTE: There were 2 observations read from the data set WORK.PART2_BAR.
NOTE: There were 1 observations read from the data set WORK.M05PFGQC.
NOTE: The data set WORK.PART2_BAR has 2 observations and 8 variables.
NOTE: DATA statement used (Total process time):
      real time           0.03 seconds
      cpu time            0.01 seconds
      

23194      data WORK.Part2_BAR;
MPRINT(EM_DIAGRAM):    data WORK.Part2_BAR;
23195      length DATA $8;
MPRINT(EM_DIAGRAM):   length DATA $8;
23196      set WORK.Part2_BAR;
MPRINT(EM_DIAGRAM):   set WORK.Part2_BAR;
23197      DATA = "VALIDATE";
MPRINT(EM_DIAGRAM):   DATA = "VALIDATE";
23198      run;
MPRINT(EM_DIAGRAM):   run;

NOTE: There were 2 observations read from the data set WORK.PART2_BAR.
NOTE: The data set WORK.PART2_BAR has 2 observations and 9 variables.
NOTE: DATA statement used (Total process time):
      real time           0.03 seconds
      cpu time            0.03 seconds
      

23199      data EMWS1.Part2_CLASS;
MPRINT(EM_DIAGRAM):   data EMWS1.Part2_CLASS;
23200      set EMWS1.Part2_CLASS WORK.Part2_BAR;
MPRINT(EM_DIAGRAM):   set EMWS1.Part2_CLASS WORK.Part2_BAR;
23201      run;
MPRINT(EM_DIAGRAM):   run;

NOTE: There were 4 observations read from the data set EMWS1.PART2_CLASS.
NOTE: There were 2 observations read from the data set WORK.PART2_BAR.
NOTE: The data set EMWS1.PART2_CLASS has 6 observations and 9 variables.
NOTE: DATA statement used (Total process time):
      real time           0.03 seconds
      cpu time            0.01 seconds
      

23202      *------------------------------------------------------------*;
MPRINT(EM_DIAGRAM):    *------------------------------------------------------------*;
23203      * Part2: Computing statistics for interval target variables;
MPRINT(EM_DIAGRAM):   * Part2: Computing statistics for interval target variables;
23204      *------------------------------------------------------------*;
MPRINT(EM_DIAGRAM):   *------------------------------------------------------------*;
23205      data EMWS1.Part2_CLASS(rename=(_VARIABLE_=VARIABLE _X_=VALUE _XLABEL_=FORMATTEDVALUE));
MPRINT(EM_DIAGRAM):   data EMWS1.Part2_CLASS(rename=(_VARIABLE_=VARIABLE _X_=VALUE _XLABEL_=FORMATTEDVALUE));
23206      label DATA = "%sysfunc(sasmsg(sashelp.dmine, rpt_data_vlabel ,   NOQUOTE))";
MPRINT(EM_DIAGRAM):   label DATA = "Data";
23207      set EMWS1.Part2_CLASS;
MPRINT(EM_DIAGRAM):   set EMWS1.Part2_CLASS;
23208      drop type role;
MPRINT(EM_DIAGRAM):   drop type role;
23209      run;
MPRINT(EM_DIAGRAM):   run;

NOTE: There were 6 observations read from the data set EMWS1.PART2_CLASS.
NOTE: The data set EMWS1.PART2_CLASS has 6 observations and 7 variables.
NOTE: DATA statement used (Total process time):
      real time           0.02 seconds
      cpu time            0.01 seconds
      

23210      proc sort data=EMWS1.Part2_CLASS NOTHREADS;
MPRINT(EM_DIAGRAM):   proc sort data=EMWS1.Part2_CLASS NOTHREADS;
23211      by DATA;
MPRINT(EM_DIAGRAM):   by DATA;
23212      run;
MPRINT(EM_DIAGRAM):   run;

NOTE: There were 6 observations read from the data set EMWS1.PART2_CLASS.
NOTE: The data set EMWS1.PART2_CLASS has 6 observations and 7 variables.
NOTE: PROCEDURE SORT used (Total process time):
      real time           0.03 seconds
      cpu time            0.03 seconds
      

23213      %let _cn = %sysfunc(getoption(CENTER));
23214      %let _nb = %sysfunc(getoption(NUMBER));
23215      options nonumber nocenter;
MPRINT(EM_DIAGRAM):   options nonumber nocenter;
23216      proc print data=EMWS1.Part2_CLASS noobs label;
MPRINT(EM_DIAGRAM):   proc print data=EMWS1.Part2_CLASS noobs label;
23217      by DATA;
MPRINT(EM_DIAGRAM):   by DATA;
23218      title9 ' ';
MPRINT(EM_DIAGRAM):   title9 ' ';
23219      title10 "%sysfunc(sasmsg(sashelp.dmine, rpt_classTargetStats_title, NOQUOTE))";
MPRINT(EM_DIAGRAM):   title10 "Summary Statistics for Class Targets";
MPRINT(EM_DIAGRAM):   run;
23220      run;

NOTE: There were 6 observations read from the data set EMWS1.PART2_CLASS.
NOTE: The PROCEDURE PRINT printed page 3.
NOTE: PROCEDURE PRINT used (Total process time):
      real time           0.03 seconds
      cpu time            0.01 seconds
      

23221      title10;
MPRINT(EM_DIAGRAM):   title10;
23222      options &_cn &_nb;
MPRINT(EM_DIAGRAM):   options NOCENTER NONUMBER;
MPRINT(EM_DIAGRAM):    proc printto;
MPRINT(EM_DIAGRAM):   run;
